 iteration  1: -8.27566379E+03 +-  6.8266E+02
 iteration  2:  4.65353763E+05 +-  4.7347E+05
 DBG BIG res  3.9967E+11 smin/W2  1.5883E-09 w  3.7342E-04
 DBG real m4  2.7876E-04 t2  7.3029E-09 F(iv)  0.0 E  6.728E+00  2.530E+02  7.225E+01  3.054E+02
 DBG dip  5 val -2.5083E+14 t2  1.0835E-05 F(iv)  1.0 E  6.507E+02 -3.187E+02  3.054E+02
 DBG sub(iv)  2.5083E+14
 DBG real m4  2.7876E-04 t2  7.3029E-09 F(iv)  0.0 E  6.728E+00  2.530E+02  7.225E+01  3.054E+02
 DBG dip  5 val  2.8943E+04 t2  1.0835E-05 F(iv)  1.0 E  6.507E+02 -3.187E+02  3.054E+02
 DBG sub(iv) -2.8943E+04
 DBG BIG res  4.8064E+11 smin/W2  1.2181E-09 w  6.9968E-04
 DBG real m4  7.0871E-05 t2  5.3690E-09 F(iv)  0.0 E  1.993E+01  1.913E+02  1.128E+02  2.833E+02
 DBG dip  5 val -1.1663E+14 t2  4.9259E-05 F(iv)  1.0 E  5.782E+02 -2.542E+02  2.833E+02
 DBG sub(iv)  1.1663E+14
 DBG real m4  7.0871E-05 t2  5.3690E-09 F(iv)  0.0 E  1.993E+01  1.913E+02  1.128E+02  2.833E+02
 DBG dip  5 val  1.6527E+04 t2  4.9259E-05 F(iv)  1.0 E  5.782E+02 -2.542E+02  2.833E+02
 DBG sub(iv) -1.6527E+04
 DBG BIG res -1.5773E+10 smin/W2  1.8213E-09 w  1.0899E-03
 DBG real m4  6.3637E-05 t2  1.7004E-08 F(iv)  0.0 E  1.163E+01  3.408E+02  1.934E+02  5.405E+02
 DBG dip  2 val  5.5270E+13 t2  5.6667E-05 F(iv)  1.0 E  5.827E+02 -3.698E+01  5.405E+02
 DBG sub(iv) -5.5270E+13
 DBG real m4  6.3637E-05 t2  1.7004E-08 F(iv)  0.0 E  1.163E+01  3.408E+02  1.934E+02  5.405E+02
 DBG dip  2 val  0.0000E+00 t2  5.6667E-05 F(iv)  1.0 E  5.827E+02 -3.698E+01  5.405E+02
 DBG sub(iv)  0.0000E+00
 DBG BIG res  1.2561E+11 smin/W2  1.4204E-09 w  9.0394E-04
 DBG real m4  7.3584E-05 t2  4.4666E-09 F(iv)  0.0 E  1.026E+01  1.610E+02  8.174E+01  2.220E+02
 DBG dip  5 val -8.4345E+13 t2  2.5996E-05 F(iv)  1.0 E  4.691E+02 -2.162E+02  2.220E+02
 DBG sub(iv)  8.4345E+13
 DBG real m4  7.3584E-05 t2  4.4666E-09 F(iv)  0.0 E  1.026E+01  1.610E+02  8.174E+01  2.220E+02
 DBG dip  5 val  1.1913E+04 t2  2.5996E-05 F(iv)  1.0 E  4.691E+02 -2.162E+02  2.220E+02
 DBG sub(iv) -1.1913E+04
 DBG BIG res  2.4387E+10 smin/W2  1.7598E-09 w  1.6117E-03
 DBG real m4  5.1401E-05 t2  1.7413E-08 F(iv)  0.0 E  2.167E+01  3.991E+02  2.455E+02  5.710E+02
 DBG dip  5 val -2.6744E+13 t2  3.4333E-04 F(iv)  1.0 E  8.781E+02 -2.118E+02  5.710E+02
 DBG sub(iv)  2.6744E+13
 DBG real m4  5.1401E-05 t2  1.7413E-08 F(iv)  0.0 E  2.167E+01  3.991E+02  2.455E+02  5.710E+02
 DBG dip  5 val  3.1323E+03 t2  3.4333E-04 F(iv)  1.0 E  8.781E+02 -2.118E+02  5.710E+02
 DBG sub(iv) -3.1323E+03
 DBG BIG res -6.0775E+09 smin/W2  1.2233E-09 w  6.0661E-05
 DBG real m4  5.4318E-04 t2  9.7943E-09 F(iv)  0.0 E  3.080E+00  1.204E+02  1.687E+02  3.008E+02
 DBG dip  5 val  3.2876E+14 t2  1.8742E-04 F(iv)  1.0 E  3.785E+02 -8.634E+01  3.008E+02
 DBG sub(iv) -3.2876E+14
 DBG real m4  5.4318E-04 t2  9.7943E-09 F(iv)  0.0 E  3.080E+00  1.204E+02  1.687E+02  3.008E+02
 DBG dip  5 val -6.2338E+04 t2  1.8742E-04 F(iv)  1.0 E  3.785E+02 -8.634E+01  3.008E+02
 DBG sub(iv)  6.2338E+04
 DBG BIG res -1.8837E+10 smin/W2  1.4300E-09 w  8.9993E-04
 DBG real m4  4.8615E-05 t2  1.5588E-08 F(iv)  0.0 E  1.845E+01  1.839E+02  2.106E+02  4.167E+02
 DBG dip  2 val  4.3953E+13 t2  3.0478E-04 F(iv)  1.0 E  4.368E+02 -2.384E+01  4.167E+02
 DBG sub(iv) -4.3953E+13
 DBG real m4  4.8615E-05 t2  1.5588E-08 F(iv)  0.0 E  1.845E+01  1.839E+02  2.106E+02  4.167E+02
 DBG dip  2 val  0.0000E+00 t2  3.0478E-04 F(iv)  1.0 E  4.368E+02 -2.384E+01  4.167E+02
 DBG sub(iv)  0.0000E+00
 DBG BIG res  3.8910E+10 smin/W2  3.9711E-09 w  9.6723E-03
 DBG real m4  1.5857E-05 t2  2.5198E-08 F(iv)  0.0 E  4.935E+01  1.857E+02  2.945E+02  5.322E+02
 DBG dip  2 val -4.7382E+12 t2  2.0475E-04 F(iv)  1.0 E  8.707E+02 -3.412E+02  5.322E+02
 DBG sub(iv)  4.7382E+12
 DBG real m4  1.5857E-05 t2  2.5198E-08 F(iv)  0.0 E  4.935E+01  1.857E+02  2.945E+02  5.322E+02
 DBG dip  2 val  0.0000E+00 t2  2.0475E-04 F(iv)  1.0 E  8.707E+02 -3.412E+02  5.322E+02
 DBG sub(iv)  0.0000E+00
 DBG BIG res  2.7049E+11 smin/W2  1.2209E-09 w  3.4274E-04
 DBG real m4 -9.6897E+11 t2  7.6319E-09 F(iv)  0.0 E  8.452E+00  4.034E+02  1.836E+02  2.821E+02
 DBG dip  6 val -3.0733E+13 t2  1.3839E-04 F(iv)  1.0 E  7.281E+02  4.034E+02 -2.539E+02
 DBG sub(iv)  3.0733E+13
 DBG real m4 -9.6897E+11 t2  7.6319E-09 F(iv)  0.0 E  8.452E+00  4.034E+02  1.836E+02  2.821E+02
 DBG dip  6 val -1.0051E+13 t2  1.3839E-04 F(iv)  1.0 E  7.281E+02  4.034E+02 -2.539E+02
 DBG sub(iv)  1.0051E+13
 DBG BIG res  5.2848E+10 smin/W2  1.1030E-09 w  5.9400E-04
 DBG real m4  1.1819E-04 t2  1.0292E-08 F(iv)  0.0 E  9.690E+00  4.873E+02  1.536E+02  5.410E+02
 DBG dip  5 val -2.2142E+14 t2  2.2628E-04 F(iv)  1.0 E  9.109E+02 -2.603E+02  5.410E+02
 DBG sub(iv)  2.2142E+14
 DBG real m4  1.1819E-04 t2  1.0292E-08 F(iv)  0.0 E  9.690E+00  4.873E+02  1.536E+02  5.410E+02
 DBG dip  5 val  1.0674E+04 t2  2.2628E-04 F(iv)  1.0 E  9.109E+02 -2.603E+02  5.410E+02
 DBG sub(iv) -1.0674E+04
 DBG BIG res  9.3203E+10 smin/W2  2.6640E-09 w  4.7863E-04
 DBG real m4 -1.2818E+11 t2  1.4049E-08 F(iv)  0.0 E  7.582E+00  3.702E+02  1.809E+02  2.882E+02
 DBG dip  6 val -2.3303E+13 t2  7.9398E-05 F(iv)  1.0 E  8.598E+02  3.702E+02 -3.831E+02
 DBG sub(iv)  2.3303E+13
 DBG real m4 -1.2818E+11 t2  1.4049E-08 F(iv)  0.0 E  7.582E+00  3.702E+02  1.809E+02  2.882E+02
 DBG dip  6 val -7.9404E+12 t2  7.9398E-05 F(iv)  1.0 E  8.598E+02  3.702E+02 -3.831E+02
 DBG sub(iv)  7.9404E+12
 DBG BIG res  3.5381E+09 smin/W2  1.0510E-09 w  4.2820E-04
 DBG real m4  4.2514E-05 t2  1.9691E-08 F(iv)  0.0 E  9.329E+00  2.166E+02  3.598E+02  5.248E+02
 DBG dip  2 val -3.6760E+13 t2  2.3485E-04 F(iv)  1.0 E  6.922E+02 -1.064E+02  5.248E+02
 DBG sub(iv)  3.6760E+13
 DBG real m4  4.2514E-05 t2  1.9691E-08 F(iv)  0.0 E  9.329E+00  2.166E+02  3.598E+02  5.248E+02
 DBG dip  2 val  0.0000E+00 t2  2.3485E-04 F(iv)  1.0 E  6.922E+02 -1.064E+02  5.248E+02
 DBG sub(iv)  0.0000E+00
 DBG BIG res  6.3536E+10 smin/W2  1.3144E-09 w  6.4830E-05
 DBG real m4 -3.0799E+11 t2  1.2358E-08 F(iv)  0.0 E  2.730E+00  3.521E+02  1.285E+02  2.449E+02
 DBG dip  6 val  5.3393E+13 t2  0.0000E+00 F(iv)  1.0 E -1.046E+04  3.521E+02  1.084E+04
 DBG dip  9 val -7.1796E+14 t2  8.8200E-05 F(iv)  1.0 E  5.301E+02  3.521E+02 -1.539E+02
 DBG sub(iv)  6.6457E+14
 DBG real m4 -3.0799E+11 t2  1.2358E-08 F(iv)  0.0 E  2.730E+00  3.521E+02  1.285E+02  2.449E+02
 DBG dip  6 val  4.0296E+13 t2  0.0000E+00 F(iv)  1.0 E -1.046E+04  3.521E+02  1.084E+04
 DBG dip  9 val -2.2915E+14 t2  8.8200E-05 F(iv)  1.0 E  5.301E+02  3.521E+02 -1.539E+02
 DBG sub(iv)  1.8885E+14
 DBG BIG res  6.8581E+12 smin/W2  1.2528E-09 w  1.7371E-04
 DBG real m4  3.7021E-04 t2  1.0544E-08 F(iv)  0.0 E  5.411E+00  1.656E+02  6.686E+01  2.294E+02
 DBG dip  5 val -1.3463E+16 t2  2.8600E-04 F(iv)  1.0 E  2.504E+02 -1.248E+01  2.294E+02
 DBG sub(iv)  1.3463E+16
 DBG real m4  3.7021E-04 t2  1.0544E-08 F(iv)  0.0 E  5.411E+00  1.656E+02  6.686E+01  2.294E+02
 DBG dip  5 val  5.0966E+05 t2  2.8600E-04 F(iv)  1.0 E  2.504E+02 -1.248E+01  2.294E+02
 DBG sub(iv) -5.0966E+05
 DBG BIG res  1.8802E+10 smin/W2  1.5543E-09 w  4.3820E-04
 DBG real m4  1.2276E-04 t2  1.3440E-08 F(iv)  0.0 E  6.963E+00  3.840E+02  1.832E+02  5.022E+02
 DBG dip  5 val -5.2609E+13 t2  2.6134E-04 F(iv)  1.0 E  7.920E+02 -2.179E+02  5.022E+02
 DBG sub(iv)  5.2609E+13
 DBG real m4  1.2276E-04 t2  1.3440E-08 F(iv)  0.0 E  6.963E+00  3.840E+02  1.832E+02  5.022E+02
 DBG dip  5 val  5.1018E+03 t2  2.6134E-04 F(iv)  1.0 E  7.920E+02 -2.179E+02  5.022E+02
 DBG sub(iv) -5.1018E+03
 DBG BIG res  1.4313E+11 smin/W2  1.6472E-09 w  3.0263E-04
 DBG real m4  2.0216E-04 t2  7.5618E-09 F(iv)  0.0 E  6.685E+00  2.324E+02  9.878E+01  2.763E+02
 DBG dip  5 val -1.0492E+14 t2  4.4608E-05 F(iv)  1.0 E  6.202E+02 -2.824E+02  2.763E+02
 DBG sub(iv)  1.0492E+14
 DBG real m4  2.0216E-04 t2  7.5618E-09 F(iv)  0.0 E  6.685E+00  2.324E+02  9.878E+01  2.763E+02
 DBG dip  5 val  1.5477E+04 t2  4.4608E-05 F(iv)  1.0 E  6.202E+02 -2.824E+02  2.763E+02
 DBG sub(iv) -1.5477E+04
 DBG BIG res  3.9668E+10 smin/W2  2.2291E-09 w  5.7239E-04
 DBG real m4  6.9943E-05 t2  1.5205E-08 F(iv)  0.0 E  8.226E+00  1.499E+02  2.823E+02  3.785E+02
 DBG dip  2 val -2.8629E+13 t2  2.1382E-04 F(iv)  1.0 E  6.557E+02 -2.153E+02  3.785E+02
 DBG sub(iv)  2.8629E+13
 DBG real m4  6.9943E-05 t2  1.5205E-08 F(iv)  0.0 E  8.226E+00  1.499E+02  2.823E+02  3.785E+02
 DBG dip  2 val  0.0000E+00 t2  2.1382E-04 F(iv)  1.0 E  6.557E+02 -2.153E+02  3.785E+02
 DBG sub(iv)  0.0000E+00
 DBG BIG res  5.5616E+10 smin/W2  1.0964E-09 w  2.2228E-05
 DBG real m4  7.6222E-04 t2  4.3036E-09 F(iv)  0.0 E  1.414E+00  1.641E+02  7.709E+01  2.204E+02
 DBG dip  5 val -3.0320E+14 t2  3.6769E-05 F(iv)  1.0 E  4.386E+02 -1.960E+02  2.204E+02
 DBG sub(iv)  3.0320E+14
 DBG real m4  7.6222E-04 t2  4.3036E-09 F(iv)  0.0 E  1.414E+00  1.641E+02  7.709E+01  2.204E+02
 DBG dip  5 val  3.1931E+04 t2  3.6769E-05 F(iv)  1.0 E  4.386E+02 -1.960E+02  2.204E+02
 DBG sub(iv) -3.1931E+04
 DBG BIG res  1.1175E+12 smin/W2  1.3281E-09 w  2.2456E-04
 DBG real m4 -3.9177E+11 t2  5.8483E-09 F(iv)  0.0 E  5.806E+00  2.742E+02  9.929E+01  2.365E+02
 DBG dip  6 val -1.1599E+14 t2  2.9736E-05 F(iv)  1.0 E  6.405E+02  2.742E+02 -2.988E+02
 DBG sub(iv)  1.1599E+14
 DBG real m4 -3.9177E+11 t2  5.8483E-09 F(iv)  0.0 E  5.806E+00  2.742E+02  9.929E+01  2.365E+02
 DBG dip  6 val -3.8615E+13 t2  2.9736E-05 F(iv)  1.0 E  6.405E+02  2.742E+02 -2.988E+02
 DBG sub(iv)  3.8615E+13
 DBG BIG res  3.9069E+10 smin/W2  2.0674E-09 w  3.7509E-03
 DBG real m4  2.6145E-05 t2  1.3857E-08 F(iv)  0.0 E  3.785E+01  3.261E+02  2.208E+02  5.844E+02
 DBG dip  5 val -1.0802E+13 t2  1.4623E-04 F(iv)  1.0 E  9.746E+02 -3.898E+02  5.844E+02
 DBG sub(iv)  1.0802E+13
 DBG real m4  2.6145E-05 t2  1.3857E-08 F(iv)  0.0 E  3.785E+01  3.261E+02  2.208E+02  5.844E+02
 DBG dip  5 val  3.0015E+03 t2  1.4623E-04 F(iv)  1.0 E  9.746E+02 -3.898E+02  5.844E+02
 DBG sub(iv) -3.0015E+03
 DBG BIG res -1.5965E+12 smin/W2  1.1326E-09 w  1.1002E-04
 DBG real m4  1.9574E-03 t2  7.8978E-09 F(iv)  0.0 E  5.058E+00  1.403E+02  6.317E+01  2.056E+02
 DBG dip  2 val  2.4593E+16 t2  1.7017E-04 F(iv)  1.0 E  2.131E+02 -4.509E+00  2.056E+02
 DBG sub(iv) -2.4593E+16
 DBG real m4  1.9574E-03 t2  7.8978E-09 F(iv)  0.0 E  5.058E+00  1.403E+02  6.317E+01  2.056E+02
 DBG dip  2 val  0.0000E+00 t2  1.7017E-04 F(iv)  1.0 E  2.131E+02 -4.509E+00  2.056E+02
 DBG sub(iv)  0.0000E+00
 DBG BIG res  1.1399E+11 smin/W2  2.0121E-09 w  4.3645E-05
 DBG real m4 -7.0423E+11 t2  6.8518E-09 F(iv)  0.0 E  1.674E+00  2.264E+02  9.514E+01  1.216E+02
 DBG dip  6 val -1.2057E+13 t2  4.2011E-05 F(iv)  1.0 E  3.983E+02  2.264E+02 -1.799E+02
 DBG sub(iv)  1.2057E+13
 DBG real m4 -7.0423E+11 t2  6.8518E-09 F(iv)  0.0 E  1.674E+00  2.264E+02  9.514E+01  1.216E+02
 DBG dip  6 val -3.8058E+12 t2  4.2011E-05 F(iv)  1.0 E  3.983E+02  2.264E+02 -1.799E+02
 DBG sub(iv)  3.8058E+12
 DBG BIG res  1.6346E+10 smin/W2  1.3649E-09 w  8.1955E-04
 DBG real m4  4.0071E-05 t2  1.0767E-08 F(iv)  0.0 E  1.993E+01  2.380E+02  2.377E+02  4.594E+02
 DBG dip  5 val  9.4272E+12 t2  2.5409E-04 F(iv)  1.0 E  6.433E+02 -1.476E+02  4.594E+02
 DBG sub(iv) -9.4272E+12
 DBG real m4  4.0071E-05 t2  1.0767E-08 F(iv)  0.0 E  1.993E+01  2.380E+02  2.377E+02  4.594E+02
 DBG dip  5 val -1.2492E+03 t2  2.5409E-04 F(iv)  1.0 E  6.433E+02 -1.476E+02  4.594E+02
 DBG sub(iv)  1.2492E+03
 DBG BIG res  4.4849E+10 smin/W2  1.9138E-09 w  1.3823E-02
 DBG real m4  5.2718E-05 t2  1.0474E-08 F(iv)  0.0 E  1.963E+02  2.706E+02  2.071E+01  5.000E+02
 DBG dip  5 val  3.3949E+13 t2  7.7949E-05 F(iv)  1.0 E  8.704E+02 -3.828E+02  5.000E+02
 DBG sub(iv) -3.3949E+13
 DBG real m4  5.2718E-05 t2  1.0474E-08 F(iv)  0.0 E  1.963E+02  2.706E+02  2.071E+01  5.000E+02
 DBG dip  5 val -9.4470E+03 t2  7.7949E-05 F(iv)  1.0 E  8.704E+02 -3.828E+02  5.000E+02
 DBG sub(iv)  9.4470E+03
 DBG BIG res  3.7168E+11 smin/W2  1.0653E-09 w  5.1889E-05
 DBG real m4  5.2740E-04 t2  7.1655E-09 F(iv)  0.0 E  2.833E+00  1.567E+02  7.580E+01  2.075E+02
 DBG dip  5 val -1.3111E+15 t2  1.9715E-04 F(iv)  1.0 E  2.820E+02 -4.672E+01  2.075E+02
 DBG sub(iv)  1.3111E+15
 DBG real m4  5.2740E-04 t2  7.1655E-09 F(iv)  0.0 E  2.833E+00  1.567E+02  7.580E+01  2.075E+02
 DBG dip  5 val  5.9749E+04 t2  1.9715E-04 F(iv)  1.0 E  2.820E+02 -4.672E+01  2.075E+02
 DBG sub(iv) -5.9749E+04
 DBG BIG res -1.9979E+09 smin/W2  1.9195E-09 w  3.6997E-04
 DBG real m4  7.0383E-05 t2  1.8939E-08 F(iv)  0.0 E  5.234E+00  2.479E+02  5.675E+02  3.610E+02
 DBG dip  8 val  2.7784E+13 t2  3.5523E-05 F(iv)  1.0 E  6.748E+02 -6.065E+01  5.675E+02
 DBG sub(iv) -2.7784E+13
 DBG real m4  7.0383E-05 t2  1.8939E-08 F(iv)  0.0 E  5.234E+00  2.479E+02  5.675E+02  3.610E+02
 DBG dip  8 val -3.6448E+03 t2  3.5523E-05 F(iv)  1.0 E  6.748E+02 -6.065E+01  5.675E+02
 DBG sub(iv)  3.6448E+03
 DBG BIG res  1.9800E+10 smin/W2  2.2050E-09 w  1.0407E-03
 DBG real m4  8.4575E-05 t2  1.6100E-08 F(iv)  0.0 E  1.169E+01  3.656E+02  1.883E+02  4.583E+02
 DBG dip  5 val -1.9616E+13 t2  2.1238E-04 F(iv)  1.0 E  8.664E+02 -3.007E+02  4.583E+02
 DBG sub(iv)  1.9616E+13
 DBG real m4  8.4575E-05 t2  1.6100E-08 F(iv)  0.0 E  1.169E+01  3.656E+02  1.883E+02  4.583E+02
 DBG dip  5 val  3.4079E+03 t2  2.1238E-04 F(iv)  1.0 E  8.664E+02 -3.007E+02  4.583E+02
 DBG sub(iv) -3.4079E+03
 DBG BIG res  1.1633E+11 smin/W2  1.5783E-09 w  3.8669E-04
 DBG real m4  2.1723E-04 t2  8.6914E-09 F(iv)  0.0 E  6.369E+00  3.005E+02  9.996E+01  3.646E+02
 DBG dip  5 val -1.3311E+14 t2  7.1686E-05 F(iv)  1.0 E  7.192E+02 -3.123E+02  3.646E+02
 DBG sub(iv)  1.3311E+14
 DBG real m4  2.1723E-04 t2  8.6914E-09 F(iv)  0.0 E  6.369E+00  3.005E+02  9.996E+01  3.646E+02
 DBG dip  5 val  1.5962E+04 t2  7.1686E-05 F(iv)  1.0 E  7.192E+02 -3.123E+02  3.646E+02
 DBG sub(iv) -1.5962E+04
 DBG BIG res -1.2028E+11 smin/W2  1.3607E-09 w  1.5734E-02
 DBG real m4  2.0285E-05 t2  6.7103E-09 F(iv)  0.0 E  1.302E+02  1.928E+02  1.929E+01  2.912E+02
 DBG dip  5 val  6.6138E+13 t2  1.4169E-04 F(iv)  1.0 E  4.808E+02 -1.384E+02  2.912E+02
 DBG sub(iv) -6.6138E+13
 DBG real m4  2.0285E-05 t2  6.7103E-09 F(iv)  0.0 E  1.302E+02  1.928E+02  1.929E+01  2.912E+02
 DBG dip  5 val -8.0191E+03 t2  1.4169E-04 F(iv)  1.0 E  4.808E+02 -1.384E+02  2.912E+02
 DBG sub(iv)  8.0191E+03
 DBG BIG res  4.1618E+10 smin/W2  2.8860E-09 w  3.8255E-04
 DBG real m4 -6.3329E+10 t2  1.6843E-08 F(iv)  0.0 E  5.200E+00  4.689E+02  2.177E+02  2.796E+02
 DBG dip  6 val -1.6540E+12 t2  1.5000E-04 F(iv)  1.0 E  8.412E+02  4.689E+02 -3.387E+02
 DBG sub(iv)  1.6540E+12
 DBG real m4 -6.3329E+10 t2  1.6843E-08 F(iv)  0.0 E  5.200E+00  4.689E+02  2.177E+02  2.796E+02
 DBG dip  6 val -5.2471E+11 t2  1.5000E-04 F(iv)  1.0 E  8.412E+02  4.689E+02 -3.387E+02
 DBG sub(iv)  5.2471E+11
 DBG BIG res  7.5469E+11 smin/W2  1.5887E-09 w  7.7557E-05
 DBG real m4  4.6803E-03 t2  5.0727E-09 F(iv)  0.0 E  4.627E+00  1.036E+02  5.569E+01  1.513E+02
 DBG dip  5 val -2.6842E+15 t2  2.8643E-05 F(iv)  1.0 E  3.031E+02 -1.392E+02  1.513E+02
 DBG sub(iv)  2.6842E+15
 DBG real m4  4.6803E-03 t2  5.0727E-09 F(iv)  0.0 E  4.627E+00  1.036E+02  5.569E+01  1.513E+02
 DBG dip  5 val  6.8953E+05 t2  2.8643E-05 F(iv)  1.0 E  3.031E+02 -1.392E+02  1.513E+02
 DBG sub(iv) -6.8953E+05
 DBG BIG res  1.9946E+10 smin/W2  1.4467E-09 w  9.3470E-04
 DBG real m4  3.1623E-05 t2  9.8898E-09 F(iv)  0.0 E  1.522E+01  2.038E+02  4.643E+02  3.588E+02
 DBG dip  3 val -2.8054E+13 t2  1.5382E-04 F(iv)  1.0 E  9.054E+02  4.643E+02 -3.276E+02
 DBG sub(iv)  2.8054E+13
 DBG real m4  3.1623E-05 t2  9.8898E-09 F(iv)  0.0 E  1.522E+01  2.038E+02  4.643E+02  3.588E+02
 DBG dip  3 val  0.0000E+00 t2  1.5382E-04 F(iv)  1.0 E  9.054E+02  4.643E+02 -3.276E+02
 DBG sub(iv)  0.0000E+00
 DBG BIG res  2.8722E+10 smin/W2  1.3842E-09 w  1.4312E-03
 DBG real m4  1.0133E-04 t2  1.0907E-08 F(iv)  0.0 E  1.397E+01  6.111E+02  1.424E+02  6.678E+02
 DBG dip  5 val -1.1825E+14 t2  8.5519E-05 F(iv)  1.0 E  1.374E+03 -6.067E+02  6.678E+02
 DBG sub(iv)  1.1825E+14
 DBG real m4  1.0133E-04 t2  1.0907E-08 F(iv)  0.0 E  1.397E+01  6.111E+02  1.424E+02  6.678E+02
 DBG dip  5 val  9.4539E+03 t2  8.5519E-05 F(iv)  1.0 E  1.374E+03 -6.067E+02  6.678E+02
 DBG sub(iv) -9.4539E+03
 DBG BIG res  7.2490E+09 smin/W2  2.4028E-09 w  4.3090E-04
 DBG real m4  1.2119E-04 t2  1.1801E-08 F(iv)  0.0 E  6.119E+00  2.606E+02  1.831E+02  4.427E+02
 DBG dip  5 val -6.3100E+12 t2  4.7676E-05 F(iv)  1.0 E  8.422E+02 -3.925E+02  4.427E+02
 DBG sub(iv)  6.3100E+12
 DBG real m4  1.2119E-04 t2  1.1801E-08 F(iv)  0.0 E  6.119E+00  2.606E+02  1.831E+02  4.427E+02
 DBG dip  5 val  2.1602E+03 t2  4.7676E-05 F(iv)  1.0 E  8.422E+02 -3.925E+02  4.427E+02
 DBG sub(iv) -2.1602E+03
 DBG BIG res -1.4020E+12 smin/W2  1.0903E-09 w  1.4281E-02
 DBG real m4  2.1991E+10 t2  9.1207E-09 F(iv)  0.0 E  1.219E+02  3.847E+02  3.781E+01  1.982E+02
 DBG dip 17 val  1.3732E+14 t2  8.9393E-05 F(iv)  1.0 E -1.500E+01  3.847E+02  3.729E+02
 DBG sub(iv) -1.3732E+14
 DBG real m4  2.1991E+10 t2  9.1207E-09 F(iv)  0.0 E  1.219E+02  3.847E+02  3.781E+01  1.982E+02
 DBG dip 17 val  3.8319E+13 t2  8.9393E-05 F(iv)  1.0 E -1.500E+01  3.847E+02  3.729E+02
 DBG sub(iv) -3.8319E+13
 DBG BIG res  3.9865E+10 smin/W2  1.1009E-09 w  6.4215E-05
 DBG real m4  2.4957E-04 t2  5.6640E-09 F(iv)  0.0 E  5.461E+00  1.821E+02  1.533E+02  2.286E+02
 DBG dip  5 val -1.6131E+13 t2  1.0845E-04 F(iv)  1.0 E  5.262E+02 -1.853E+02  2.286E+02
 DBG sub(iv)  1.6131E+13
 DBG real m4  2.4957E-04 t2  5.6640E-09 F(iv)  0.0 E  5.461E+00  1.821E+02  1.533E+02  2.286E+02
 DBG dip  5 val  1.8435E+03 t2  1.0845E-04 F(iv)  1.0 E  5.262E+02 -1.853E+02  2.286E+02
 DBG sub(iv) -1.8435E+03
 DBG BIG res  1.9369E+11 smin/W2  1.2985E-09 w  2.5783E-04
 DBG real m4  1.8576E-04 t2  1.2890E-08 F(iv)  0.0 E  5.231E+00  2.892E+02  1.295E+02  3.939E+02
 DBG dip  5 val -6.5614E+14 t2  3.3879E-04 F(iv)  1.0 E  4.726E+02 -4.865E+01  3.939E+02
 DBG sub(iv)  6.5614E+14
 DBG real m4  1.8576E-04 t2  1.2890E-08 F(iv)  0.0 E  5.231E+00  2.892E+02  1.295E+02  3.939E+02
 DBG dip  5 val  2.3794E+04 t2  3.3879E-04 F(iv)  1.0 E  4.726E+02 -4.865E+01  3.939E+02
 DBG sub(iv) -2.3794E+04
 DBG BIG res  1.5220E+09 smin/W2  2.5929E-09 w  6.2931E-03
 DBG real m4  1.8410E-05 t2  3.1982E-08 F(iv)  0.0 E  4.346E+01  5.492E+02  3.873E+02  8.587E+02
 DBG dip  5 val -4.2637E+12 t2  5.3367E-04 F(iv)  1.0 E  1.272E+03 -2.917E+02  8.587E+02
 DBG sub(iv)  4.2637E+12
 DBG real m4  1.8410E-05 t2  3.1982E-08 F(iv)  0.0 E  4.346E+01  5.492E+02  3.873E+02  8.587E+02
 DBG dip  5 val  8.2565E+02 t2  5.3367E-04 F(iv)  1.0 E  1.272E+03 -2.917E+02  8.587E+02
 DBG sub(iv) -8.2565E+02
 DBG BIG res -2.9754E+10 smin/W2  1.3117E-09 w  6.1561E-04
 DBG real m4  5.2327E-05 t2  1.3118E-08 F(iv)  0.0 E  9.574E+00  2.400E+02  1.911E+02  4.369E+02
 DBG dip  2 val  1.2217E+14 t2  2.3778E-04 F(iv)  1.0 E  4.647E+02 -2.393E+01  4.369E+02
 DBG sub(iv) -1.2217E+14
 DBG real m4  5.2327E-05 t2  1.3118E-08 F(iv)  0.0 E  9.574E+00  2.400E+02  1.911E+02  4.369E+02
 DBG dip  2 val  0.0000E+00 t2  2.3778E-04 F(iv)  1.0 E  4.647E+02 -2.393E+01  4.369E+02
 DBG sub(iv)  0.0000E+00
 DBG BIG res -9.3451E+09 smin/W2  1.2102E-09 w  4.2706E-06
 DBG real m4 -2.1020E+13 t2  7.1025E-09 F(iv)  0.0 E  6.016E+02  3.980E+02  1.286E+01  1.215E+02
 DBG dip 18 val  1.3736E+16 t2  2.5672E-05 F(iv)  1.0 E  6.016E+02 -4.868E+02  1.019E+03
 DBG sub(iv) -1.3736E+16
 DBG real m4 -2.1020E+13 t2  7.1025E-09 F(iv)  0.0 E  6.016E+02  3.980E+02  1.286E+01  1.215E+02
 DBG dip 18 val  1.3051E+14 t2  2.5672E-05 F(iv)  1.0 E  6.016E+02 -4.868E+02  1.019E+03
 DBG sub(iv) -1.3051E+14
 DBG BIG res  3.0180E+10 smin/W2  1.8701E-09 w  1.0213E-04
 DBG real m4 -2.3697E+11 t2  1.0353E-08 F(iv)  0.0 E  2.679E+00  4.540E+02  2.142E+02  3.026E+02
 DBG dip  6 val -6.5503E+12 t2  9.0010E-05 F(iv)  1.0 E  9.094E+02  4.540E+02 -3.899E+02
 DBG sub(iv)  6.5503E+12
 DBG real m4 -2.3697E+11 t2  1.0353E-08 F(iv)  0.0 E  2.679E+00  4.540E+02  2.142E+02  3.026E+02
 DBG dip  6 val -2.1153E+12 t2  9.0010E-05 F(iv)  1.0 E  9.094E+02  4.540E+02 -3.899E+02
 DBG sub(iv)  2.1153E+12
 DBG BIG res  8.7983E+10 smin/W2  2.1937E-09 w  4.0335E-04
 DBG real m4  1.4558E-04 t2  8.4887E-09 F(iv)  0.0 E  9.235E+00  1.565E+02  1.109E+02  2.720E+02
 DBG dip  5 val -2.3968E+13 t2  3.6530E-05 F(iv)  1.0 E  5.173E+02 -2.407E+02  2.720E+02
 DBG sub(iv)  2.3968E+13
 DBG real m4  1.4558E-04 t2  8.4887E-09 F(iv)  0.0 E  9.235E+00  1.565E+02  1.109E+02  2.720E+02
 DBG dip  5 val  7.4730E+03 t2  3.6530E-05 F(iv)  1.0 E  5.173E+02 -2.407E+02  2.720E+02
 DBG sub(iv) -7.4730E+03
 DBG BIG res -3.2046E+09 smin/W2  1.7034E-09 w  2.1377E-02
 DBG real m4  7.0374E-05 t2  1.5210E-08 F(iv)  0.0 E  1.131E+02  2.826E+02  2.314E+01  4.303E+02
 DBG dip 11 val  2.7406E+13 t2  1.7002E-04 F(iv)  1.0 E -1.002E+01  4.289E+02  4.303E+02
 DBG sub(iv) -2.7406E+13
 DBG real m4  7.0374E-05 t2  1.5210E-08 F(iv)  0.0 E  1.131E+02  2.826E+02  2.314E+01  4.303E+02
 DBG dip 11 val -1.5245E+05 t2  1.7002E-04 F(iv)  1.0 E -1.002E+01  4.289E+02  4.303E+02
 DBG sub(iv)  1.5245E+05
 DBG BIG res -1.8232E+11 smin/W2  1.4201E-09 w  5.5042E-04
 DBG real m4  1.4518E-04 t2  1.2391E-08 F(iv)  0.0 E  8.447E+00  2.783E+02  1.096E+02  4.154E+02
 DBG dip  2 val  4.4732E+14 t2  1.5497E-04 F(iv)  1.0 E  4.076E+02 -1.126E+01  4.154E+02
 DBG sub(iv) -4.4732E+14
 DBG real m4  1.4518E-04 t2  1.2391E-08 F(iv)  0.0 E  8.447E+00  2.783E+02  1.096E+02  4.154E+02
 DBG dip  2 val  0.0000E+00 t2  1.5497E-04 F(iv)  1.0 E  4.076E+02 -1.126E+01  4.154E+02
 DBG sub(iv)  0.0000E+00
 DBG BIG res  1.0932E+11 smin/W2  1.2732E-09 w  4.6096E-04
 DBG real m4  1.8420E-04 t2  7.7251E-09 F(iv)  0.0 E  6.781E+00  3.842E+02  1.026E+02  4.960E+02
 DBG dip  5 val -1.8060E+14 t2  4.0099E-05 F(iv)  1.0 E  9.235E+02 -4.300E+02  4.960E+02
 DBG sub(iv)  1.8060E+14
 DBG real m4  1.8420E-04 t2  7.7251E-09 F(iv)  0.0 E  6.781E+00  3.842E+02  1.026E+02  4.960E+02
 DBG dip  5 val  1.7075E+04 t2  4.0099E-05 F(iv)  1.0 E  9.235E+02 -4.300E+02  4.960E+02
 DBG sub(iv) -1.7075E+04
 DBG BIG res  1.2137E+10 smin/W2  1.1402E-09 w  4.1740E-04
 DBG real m4  7.2679E-05 t2  8.2618E-09 F(iv)  0.0 E  9.388E+00  2.991E+02  2.157E+02  4.986E+02
 DBG dip  5 val -2.2993E+13 t2  1.7292E-04 F(iv)  1.0 E  7.675E+02 -2.432E+02  4.986E+02
 DBG sub(iv)  2.2993E+13
 DBG real m4  7.2679E-05 t2  8.2618E-09 F(iv)  0.0 E  9.388E+00  2.991E+02  2.157E+02  4.986E+02
 DBG dip  5 val  2.6461E+03 t2  1.7292E-04 F(iv)  1.0 E  7.675E+02 -2.432E+02  4.986E+02
 DBG sub(iv) -2.6461E+03
 DBG BIG res -1.6091E+11 smin/W2  1.0483E-09 w  1.0211E-03
 DBG real m4  1.0078E-05 t2  1.1290E-08 F(iv)  0.0 E  9.977E+01  1.282E+01  2.700E+02  1.843E+02
 DBG dip 14 val  1.1110E+14 t2  2.1082E-04 F(iv)  1.0 E -5.561E+01  3.525E+02  2.700E+02
 DBG sub(iv) -1.1110E+14
 DBG real m4  1.0078E-05 t2  1.1290E-08 F(iv)  0.0 E  9.977E+01  1.282E+01  2.700E+02  1.843E+02
 DBG dip 14 val -4.4511E+04 t2  2.1082E-04 F(iv)  1.0 E -5.561E+01  3.525E+02  2.700E+02
 DBG sub(iv)  4.4511E+04
 DBG BIG res  7.3469E+09 smin/W2  1.1056E-09 w  2.6761E-04
 DBG real m4  9.2123E-05 t2  7.6559E-09 F(iv)  0.0 E  7.948E+00  3.027E+02  2.382E+02  4.829E+02
 DBG dip  5 val -1.2983E+13 t2  1.5327E-04 F(iv)  1.0 E  8.294E+02 -2.805E+02  4.829E+02
 DBG sub(iv)  1.2983E+13
 DBG real m4  9.2123E-05 t2  7.6559E-09 F(iv)  0.0 E  7.948E+00  3.027E+02  2.382E+02  4.829E+02
 DBG dip  5 val  1.5235E+03 t2  1.5327E-04 F(iv)  1.0 E  8.294E+02 -2.805E+02  4.829E+02
 DBG sub(iv) -1.5235E+03
 DBG BIG res  1.1413E+11 smin/W2  2.2887E-09 w  6.9066E-04
 DBG real m4  1.9381E-04 t2  1.0731E-08 F(iv)  0.0 E  1.640E+01  1.620E+02  1.319E+02  2.523E+02
 DBG dip  5 val -2.9267E+13 t2  1.3028E-04 F(iv)  1.0 E  4.936E+02 -1.833E+02  2.523E+02
 DBG sub(iv)  2.9267E+13
 DBG real m4  1.9381E-04 t2  1.0731E-08 F(iv)  0.0 E  1.640E+01  1.620E+02  1.319E+02  2.523E+02
 DBG dip  5 val  1.2842E+04 t2  1.3028E-04 F(iv)  1.0 E  4.936E+02 -1.833E+02  2.523E+02
 DBG sub(iv) -1.2842E+04
 DBG BIG res  2.4008E+10 smin/W2  1.1136E-09 w  1.4110E-03
 DBG real m4  2.4052E-05 t2  5.0602E-09 F(iv)  0.0 E  1.419E+01  3.020E+02  1.530E+02  4.327E+02
 DBG dip  5 val -2.7670E+13 t2  2.6065E-05 F(iv)  1.0 E  8.852E+02 -4.160E+02  4.327E+02
 DBG sub(iv)  2.7670E+13
 DBG real m4  2.4052E-05 t2  5.0602E-09 F(iv)  0.0 E  1.419E+01  3.020E+02  1.530E+02  4.327E+02
 DBG dip  5 val  3.6811E+03 t2  2.6065E-05 F(iv)  1.0 E  8.852E+02 -4.160E+02  4.327E+02
 DBG sub(iv) -3.6811E+03
 DBG BIG res  1.1146E+11 smin/W2  1.3941E-09 w  2.7052E-05
 DBG real m4 -1.0929E+12 t2  4.6781E-09 F(iv)  0.0 E  1.679E+00  2.376E+02  1.187E+02  1.380E+02
 DBG dip  6 val  6.9084E+11 t2  1.8895E-05 F(iv)  1.0 E  4.925E+02  2.376E+02 -2.342E+02
 DBG sub(iv) -6.9084E+11
 DBG real m4 -1.0929E+12 t2  4.6781E-09 F(iv)  0.0 E  1.679E+00  2.376E+02  1.187E+02  1.380E+02
 DBG dip  6 val  2.2142E+11 t2  1.8895E-05 F(iv)  1.0 E  4.925E+02  2.376E+02 -2.342E+02
 DBG sub(iv) -2.2142E+11
 DBG BIG res  3.2475E+11 smin/W2  1.0208E-09 w  5.8791E-05
 DBG real m4  2.1826E-04 t2  5.6525E-09 F(iv)  0.0 E  3.353E+00  8.548E+01  1.625E+02  2.007E+02
 DBG dip  2 val -4.9628E+14 t2  1.4053E-04 F(iv)  1.0 E  3.404E+02 -8.899E+01  2.007E+02
 DBG sub(iv)  4.9628E+14
 DBG real m4  2.1826E-04 t2  5.6525E-09 F(iv)  0.0 E  3.353E+00  8.548E+01  1.625E+02  2.007E+02
 DBG dip  2 val  0.0000E+00 t2  1.4053E-04 F(iv)  1.0 E  3.404E+02 -8.899E+01  2.007E+02
 DBG sub(iv)  0.0000E+00
 DBG BIG res  4.2408E+11 smin/W2  1.2110E-09 w  3.7426E-04
 DBG real m4  2.3090E-04 t2  7.8298E-09 F(iv)  0.0 E  8.067E+00  3.071E+02  8.730E+01  3.536E+02
 DBG dip  5 val -4.2857E+14 t2  1.2102E-04 F(iv)  1.0 E  6.396E+02 -2.371E+02  3.536E+02
 DBG sub(iv)  4.2857E+14
 DBG real m4  2.3090E-04 t2  7.8298E-09 F(iv)  0.0 E  8.067E+00  3.071E+02  8.730E+01  3.536E+02
 DBG dip  5 val  2.8293E+04 t2  1.2102E-04 F(iv)  1.0 E  6.396E+02 -2.371E+02  3.536E+02
 DBG sub(iv) -2.8293E+04
 DBG BIG res  2.1472E+10 smin/W2  1.7804E-09 w  9.5337E-04
 DBG real m4  1.1005E-04 t2  1.2529E-08 F(iv)  0.0 E  9.814E+00  4.315E+02  1.599E+02  5.843E+02
 DBG dip  5 val -4.1840E+13 t2  1.1078E-04 F(iv)  1.0 E  1.042E+03 -4.412E+02  5.843E+02
 DBG sub(iv)  4.1840E+13
 DBG real m4  1.1005E-04 t2  1.2529E-08 F(iv)  0.0 E  9.814E+00  4.315E+02  1.599E+02  5.843E+02
 DBG dip  5 val  6.2417E+03 t2  1.1078E-04 F(iv)  1.0 E  1.042E+03 -4.412E+02  5.843E+02
 DBG sub(iv) -6.2417E+03
 DBG BIG res  9.2564E+09 smin/W2  1.2510E-09 w  1.2823E-04
 DBG real m4  6.7890E-04 t2  8.3118E-09 F(iv)  0.0 E  5.011E+00  2.264E+02  1.595E+02  3.411E+02
 DBG dip  5 val -1.6655E+14 t2  1.8592E-04 F(iv)  1.0 E  5.394E+02 -1.485E+02  3.411E+02
 DBG sub(iv)  1.6655E+14
 DBG real m4  6.7890E-04 t2  8.3118E-09 F(iv)  0.0 E  5.011E+00  2.264E+02  1.595E+02  3.411E+02
 DBG dip  5 val  1.6918E+04 t2  1.8592E-04 F(iv)  1.0 E  5.394E+02 -1.485E+02  3.411E+02
 DBG sub(iv) -1.6918E+04
 DBG BIG res  8.4856E+09 smin/W2  1.2507E-09 w  3.4527E-04
 DBG real m4  1.2250E-04 t2  6.9515E-09 F(iv)  0.0 E  5.164E+00  3.346E+02  1.672E+02  6.466E+02
 DBG dip  5 val -3.7887E+13 t2  1.1592E-05 F(iv)  1.0 E  9.948E+02 -4.878E+02  6.466E+02
 DBG sub(iv)  3.7887E+13
 DBG real m4  1.2250E-04 t2  6.9515E-09 F(iv)  0.0 E  5.164E+00  3.346E+02  1.672E+02  6.466E+02
 DBG dip  5 val  7.5171E+03 t2  1.1592E-05 F(iv)  1.0 E  9.948E+02 -4.878E+02  6.466E+02
 DBG sub(iv) -7.5171E+03
 DBG BIG res  7.5699E+11 smin/W2  1.7566E-09 w  6.1954E-03
 DBG real m4  1.3369E-04 t2  9.7457E-09 F(iv)  0.0 E  9.642E+01  1.900E+02  1.905E+01  2.454E+02
 DBG dip  5 val  3.3316E+14 t2  1.4914E-04 F(iv)  1.0 E  4.623E+02 -1.569E+02  2.454E+02
 DBG sub(iv) -3.3316E+14
