 iteration  1: -9.45731772E+03 +-  6.3370E+02
 iteration  2: -8.52024649E+03 +-  1.5559E+02
 iteration  3: -2.43691131E+05 +-  2.3505E+05
 DBG BIG res -2.8005E+11 smin/W2  1.1747E-09 w  1.3855E-06
 DBG real m4 -7.3228E+11 t2  7.5410E-09 F(iv)  0.0 E  1.830E+02  6.918E+01  7.176E+01  9.354E-01
 DBG dip 15 val  2.3048E+17 t2  1.7400E-04 F(iv)  1.0 E  1.830E+02  1.737E+02 -3.184E+01
 DBG sub(iv) -2.3048E+17
 DBG real m4 -7.3228E+11 t2  7.5410E-09 F(iv)  0.0 E  1.830E+02  6.918E+01  7.176E+01  9.354E-01
 DBG dip 15 val  3.8479E+15 t2  1.7400E-04 F(iv)  1.0 E  1.830E+02  1.737E+02 -3.184E+01
 DBG sub(iv) -3.8479E+15
 DBG BIG res -2.1254E+10 smin/W2  4.7608E-07 w  3.2231E-01
 DBG real m4  2.9208E-04 t2  1.9160E-11 F(iv)  0.0 E  3.646E+01  8.825E+01  2.715E+02  6.147E+01
 DBG dip  3 val -4.4439E+18 t2  0.0000E+00 F(iv)  1.0 E  2.351E+07  2.715E+02 -2.351E+07
 DBG dip  4 val -1.8153E+08 t2  1.3725E-05 F(iv)  1.0 E  1.385E+02  8.825E+01  6.147E+01
 DBG dip  5 val  1.0794E+09 t2  1.9049E-05 F(iv)  1.0 E  2.715E+02  1.247E+02  6.147E+01
 DBG dip  6 val  5.8908E+08 t2  1.3480E-05 F(iv)  1.0 E  2.715E+02  8.825E+01  9.793E+01
 DBG dip 10 val -2.1408E+10 t2  1.1487E-05 F(iv)  1.0 E  3.646E+01  4.870E+01  6.147E+01
 DBG dip 18 val  1.5629E+08 t2  1.2490E-05 F(iv)  1.0 E  3.646E+01  1.497E+02  2.715E+02
 DBG dip 20 val -0.0000E+00 t2  1.3725E-05 F(iv)  1.0 E  8.825E+01  1.385E+02  6.147E+01
 DBG dip 23 val  3.1025E+10 t2  1.1487E-05 F(iv)  1.0 E  3.646E+01  4.870E+01  6.147E+01
 DBG dip 25 val -1.9230E+07 t2  1.3725E-05 F(iv)  1.0 E  1.385E+02  8.825E+01  6.147E+01
 DBG dip 26 val  1.0906E+10 t2  1.1487E-05 F(iv)  1.0 E  3.646E+01  4.870E+01  6.147E+01
 DBG sub(iv)  4.4439E+18
 DBG real m4  2.9208E-04 t2  1.9160E-11 F(iv)  0.0 E  3.646E+01  8.825E+01  2.715E+02  6.147E+01
 DBG dip  3 val  0.0000E+00 t2  0.0000E+00 F(iv)  1.0 E  2.351E+07  2.715E+02 -2.351E+07
 DBG dip  4 val  3.1680E+08 t2  1.3725E-05 F(iv)  1.0 E  1.385E+02  8.825E+01  6.147E+01
 DBG dip  5 val  8.2126E+06 t2  1.9049E-05 F(iv)  1.0 E  2.715E+02  1.247E+02  6.147E+01
 DBG dip  6 val -1.1823E+07 t2  1.3480E-05 F(iv)  1.0 E  2.715E+02  8.825E+01  9.793E+01
 DBG dip 10 val  5.4680E+09 t2  1.1487E-05 F(iv)  1.0 E  3.646E+01  4.870E+01  6.147E+01
 DBG dip 18 val  6.5103E-03 t2  1.2490E-05 F(iv)  1.0 E  3.646E+01  1.497E+02  2.715E+02
 DBG dip 20 val  5.6759E+08 t2  1.3725E-05 F(iv)  1.0 E  8.825E+01  1.385E+02  6.147E+01
 DBG dip 23 val  1.2826E+10 t2  1.1487E-05 F(iv)  1.0 E  3.646E+01  4.870E+01  6.147E+01
 DBG dip 25 val  1.4008E+08 t2  1.3725E-05 F(iv)  1.0 E  1.385E+02  8.825E+01  6.147E+01
 DBG dip 26 val  3.9879E+09 t2  1.1487E-05 F(iv)  1.0 E  3.646E+01  4.870E+01  6.147E+01
 DBG sub(iv) -2.3303E+10
 DBG BIG res -1.5095E+10 smin/W2  1.3702E-09 w  6.1938E-06
 DBG real m4 -6.8721E+11 t2  1.2269E-08 F(iv)  0.0 E  2.916E+02  1.168E+02  7.026E+01  4.250E+01
 DBG dip 15 val  1.4306E+16 t2  2.5387E-04 F(iv)  1.0 E  2.916E+02  2.643E+02 -3.483E+01
 DBG sub(iv) -1.4306E+16
 DBG real m4 -6.8721E+11 t2  1.2269E-08 F(iv)  0.0 E  2.916E+02  1.168E+02  7.026E+01  4.250E+01
 DBG dip 15 val  5.1185E+14 t2  2.5387E-04 F(iv)  1.0 E  2.916E+02  2.643E+02 -3.483E+01
 DBG sub(iv) -5.1185E+14
 DBG BIG res -1.3656E+10 smin/W2  2.0763E-09 w  3.1515E-05
 DBG real m4 -6.3349E+09 t2  2.3814E-08 F(iv)  0.0 E  3.757E+02  1.851E+02  1.302E+02  1.229E+01
 DBG dip 15 val  1.4543E+15 t2  4.0841E-04 F(iv)  1.0 E  3.757E+02  3.610E+02 -3.347E+01
 DBG dip 18 val  3.0632E+15 t2  1.0129E-04 F(iv)  1.0 E  3.757E+02 -6.897E+01  3.965E+02
 DBG sub(iv) -4.5176E+15
 DBG real m4 -6.3349E+09 t2  2.3814E-08 F(iv)  0.0 E  3.757E+02  1.851E+02  1.302E+02  1.229E+01
 DBG dip 15 val  2.5264E+13 t2  4.0841E-04 F(iv)  1.0 E  3.757E+02  3.610E+02 -3.347E+01
 DBG dip 18 val  1.6073E+11 t2  1.0129E-04 F(iv)  1.0 E  3.757E+02 -6.897E+01  3.965E+02
 DBG sub(iv) -2.5424E+13
 DBG BIG res -3.8222E+11 smin/W2  1.6482E-09 w  5.6570E-06
 DBG real m4 -5.1002E+10 t2  1.4080E-08 F(iv)  0.0 E  2.795E+02  1.217E+02  1.295E+02  2.657E+00
 DBG dip 18 val  1.1777E+17 t2  2.0143E-04 F(iv)  1.0 E  2.795E+02 -2.183E+01  2.757E+02
 DBG sub(iv) -1.1777E+17
 DBG real m4 -5.1002E+10 t2  1.4080E-08 F(iv)  0.0 E  2.795E+02  1.217E+02  1.295E+02  2.657E+00
 DBG dip 18 val  1.1266E+12 t2  2.0143E-04 F(iv)  1.0 E  2.795E+02 -2.183E+01  2.757E+02
 DBG sub(iv) -1.1266E+12
 DBG BIG res -2.2782E+10 smin/W2  1.0403E-09 w  9.3935E-06
 DBG real m4 -4.1923E+10 t2  5.7871E-09 F(iv)  0.0 E  4.102E+02  9.448E+01  1.766E+02  2.003E+01
 DBG dip 15 val  1.6675E+17 t2  4.5333E-05 F(iv)  1.0 E  4.102E+02  5.272E+02 -2.360E+02
 DBG sub(iv) -1.6675E+17
 DBG real m4 -4.1923E+10 t2  5.7871E-09 F(iv)  0.0 E  4.102E+02  9.448E+01  1.766E+02  2.003E+01
 DBG dip 15 val  1.7396E+15 t2  4.5333E-05 F(iv)  1.0 E  4.102E+02  5.272E+02 -2.360E+02
 DBG sub(iv) -1.7396E+15
 DBG BIG res -2.7984E+11 smin/W2  1.1110E-09 w  7.0464E-07
 DBG real m4 -1.9802E+12 t2  4.3373E-09 F(iv)  0.0 E  1.388E+02  5.340E+01  6.669E+01  7.680E-01
 DBG dip 15 val  2.7907E+17 t2  7.8675E-05 F(iv)  1.0 E  1.388E+02  1.830E+02 -6.212E+01
 DBG sub(iv) -2.7907E+17
 DBG real m4 -1.9802E+12 t2  4.3373E-09 F(iv)  0.0 E  1.388E+02  5.340E+01  6.669E+01  7.680E-01
 DBG dip 15 val  4.4454E+15 t2  7.8675E-05 F(iv)  1.0 E  1.388E+02  1.830E+02 -6.212E+01
 DBG sub(iv) -4.4454E+15
 DBG BIG res -7.4929E+11 smin/W2  1.4875E-09 w  1.4903E-03
 DBG real m4  5.0775E-05 t2  8.0567E-09 F(iv)  0.0 E  7.714E+01  1.738E+01  1.432E+02  9.801E+01
 DBG dip 14 val  9.1230E+14 t2  1.3326E-04 F(iv)  1.0 E -7.882E+01  2.713E+02  1.432E+02
 DBG sub(iv) -9.1230E+14
 DBG real m4  5.0775E-05 t2  8.0567E-09 F(iv)  0.0 E  7.714E+01  1.738E+01  1.432E+02  9.801E+01
 DBG dip 14 val -6.4269E+04 t2  1.3326E-04 F(iv)  1.0 E -7.882E+01  2.713E+02  1.432E+02
 DBG sub(iv)  6.4269E+04
 DBG BIG res -2.2000E+10 smin/W2  2.6062E-09 w  2.5644E-05
 DBG real m4 -8.0328E+10 t2  3.4273E-08 F(iv)  0.0 E  4.107E+02  1.607E+02  1.039E+02  5.363E+01
 DBG dip 18 val  8.0909E+16 t2  2.2968E-04 F(iv)  1.0 E  4.107E+02 -3.219E+01  3.504E+02
 DBG sub(iv) -8.0909E+16
 DBG real m4 -8.0328E+10 t2  3.4273E-08 F(iv)  0.0 E  4.107E+02  1.607E+02  1.039E+02  5.363E+01
 DBG dip 18 val  8.6961E+11 t2  2.2968E-04 F(iv)  1.0 E  4.107E+02 -3.219E+01  3.504E+02
 DBG sub(iv) -8.6961E+11
 DBG BIG res -8.2693E+11 smin/W2  1.1624E-09 w  9.6982E-06
 DBG real m4 -1.7595E+10 t2  6.7945E-09 F(iv)  0.0 E  3.178E+02  4.815E+01  1.747E+02  4.821E+00
 DBG dip 18 val  5.5066E+17 t2  2.7611E-05 F(iv)  1.0 E  3.178E+02 -5.006E+00  2.327E+02
 DBG sub(iv) -5.5066E+17
 DBG real m4 -1.7595E+10 t2  6.7945E-09 F(iv)  0.0 E  3.178E+02  4.815E+01  1.747E+02  4.821E+00
 DBG dip 18 val  5.2808E+11 t2  2.7611E-05 F(iv)  1.0 E  3.178E+02 -5.006E+00  2.327E+02
 DBG sub(iv) -5.2808E+11
 DBG BIG res -3.3252E+10 smin/W2  1.3674E-09 w  8.7456E-06
 DBG real m4 -9.2208E+10 t2  1.3891E-08 F(iv)  0.0 E  3.398E+02  1.431E+02  1.509E+02  3.720E+00
 DBG dip 18 val  1.4701E+17 t2  1.2419E-04 F(iv)  1.0 E  3.398E+02 -3.953E+01  3.373E+02
 DBG sub(iv) -1.4701E+17
 DBG real m4 -9.2208E+10 t2  1.3891E-08 F(iv)  0.0 E  3.398E+02  1.431E+02  1.509E+02  3.720E+00
 DBG dip 18 val  2.2517E+12 t2  1.2419E-04 F(iv)  1.0 E  3.398E+02 -3.953E+01  3.373E+02
 DBG sub(iv) -2.2517E+12
 DBG BIG res -3.6862E+09 smin/W2  2.5774E-09 w  6.6830E-05
 DBG real m4 -2.3310E+09 t2  1.8593E-08 F(iv)  0.0 E  3.957E+02  1.331E+02  1.104E+02  1.011E+02
 DBG dip 15 val  4.6786E+15 t2  2.6935E-04 F(iv)  1.0 E  3.957E+02  4.470E+02 -1.025E+02
 DBG sub(iv) -4.6786E+15
 DBG real m4 -2.3310E+09 t2  1.8593E-08 F(iv)  0.0 E  3.957E+02  1.331E+02  1.104E+02  1.011E+02
 DBG dip 15 val  1.3488E+14 t2  2.6935E-04 F(iv)  1.0 E  3.957E+02  4.470E+02 -1.025E+02
 DBG sub(iv) -1.3488E+14
 DBG BIG res -1.5560E+12 smin/W2  1.4351E-09 w  7.9558E-06
 DBG real m4 -3.1974E+10 t2  1.0290E-08 F(iv)  0.0 E  2.538E+02  6.280E+01  1.023E+02  2.643E+01
 DBG dip 15 val  1.0437E+17 t2  2.3226E-04 F(iv)  1.0 E  2.538E+02  2.258E+02 -3.427E+01
 DBG dip 18 val  5.6159E+17 t2  1.1037E-04 F(iv)  1.0 E  2.538E+02 -5.642E+00  1.972E+02
 DBG sub(iv) -6.6597E+17
 DBG real m4 -3.1974E+10 t2  1.0290E-08 F(iv)  0.0 E  2.538E+02  6.280E+01  1.023E+02  2.643E+01
 DBG dip 15 val  2.9823E+15 t2  2.3226E-04 F(iv)  1.0 E  2.538E+02  2.258E+02 -3.427E+01
 DBG dip 18 val  7.0974E+11 t2  1.1037E-04 F(iv)  1.0 E  2.538E+02 -5.642E+00  1.972E+02
 DBG sub(iv) -2.9830E+15
 DBG BIG res -5.5300E+10 smin/W2  1.2194E-09 w  1.2786E-06
 DBG real m4 -1.1274E+13 t2  5.6454E-09 F(iv)  0.0 E  2.135E+02  4.944E+01  2.808E+01  1.168E+01
 DBG dip 15 val  3.8556E+16 t2  8.7584E-05 F(iv)  1.0 E  2.135E+02  1.340E+02 -4.482E+01
 DBG sub(iv) -3.8556E+16
 DBG real m4 -1.1274E+13 t2  5.6454E-09 F(iv)  0.0 E  2.135E+02  4.944E+01  2.808E+01  1.168E+01
 DBG dip 15 val  1.8761E+15 t2  8.7584E-05 F(iv)  1.0 E  2.135E+02  1.340E+02 -4.482E+01
 DBG sub(iv) -1.8761E+15
 DBG BIG res -3.5426E+10 smin/W2  1.4529E-09 w  1.0514E-05
 DBG real m4 -1.3337E+11 t2  1.8276E-08 F(iv)  0.0 E  4.448E+02  1.517E+02  1.485E+02  6.341E+00
 DBG dip 15 val  9.4924E+16 t2  3.8561E-04 F(iv)  1.0 E  4.448E+02  3.396E+02 -3.309E+01
 DBG dip 18 val  2.5798E+17 t2  2.0906E-04 F(iv)  1.0 E  4.448E+02 -3.703E+01  3.435E+02
 DBG sub(iv) -3.5291E+17
 DBG real m4 -1.3337E+11 t2  1.8276E-08 F(iv)  0.0 E  4.448E+02  1.517E+02  1.485E+02  6.341E+00
 DBG dip 15 val  9.1919E+14 t2  3.8561E-04 F(iv)  1.0 E  4.448E+02  3.396E+02 -3.309E+01
 DBG dip 18 val  2.8113E+12 t2  2.0906E-04 F(iv)  1.0 E  4.448E+02 -3.703E+01  3.435E+02
 DBG sub(iv) -9.2200E+14
 DBG BIG res -2.3384E+09 smin/W2  1.2949E-09 w  1.3941E-05
 DBG real m4 -6.3354E+10 t2  1.5229E-08 F(iv)  0.0 E  4.219E+02  1.424E+02  2.203E+02  9.117E+00
 DBG dip 15 val  4.3045E+17 t2  3.5792E-04 F(iv)  1.0 E  4.219E+02  4.103E+02 -3.851E+01
 DBG dip 18 val  5.9511E+17 t2  2.8724E-04 F(iv)  1.0 E  4.219E+02 -1.240E+01  3.842E+02
 DBG sub(iv) -1.0256E+18
 DBG real m4 -6.3354E+10 t2  1.5229E-08 F(iv)  0.0 E  4.219E+02  1.424E+02  2.203E+02  9.117E+00
 DBG dip 15 val  3.8529E+15 t2  3.5792E-04 F(iv)  1.0 E  4.219E+02  4.103E+02 -3.851E+01
 DBG dip 18 val  1.3757E+12 t2  2.8724E-04 F(iv)  1.0 E  4.219E+02 -1.240E+01  3.842E+02
 DBG sub(iv) -3.8542E+15
 DBG BIG res  6.0204E+09 smin/W2  1.2967E-09 w  1.9062E-03
 DBG real m4  1.9879E+11 t2  1.1021E-08 F(iv)  0.0 E  2.435E+02  3.426E+02  1.695E+02  1.008E+01
 DBG dip  9 val  1.8792E+14 t2  1.3445E-04 F(iv)  1.0 E  6.772E+02  3.426E+02 -2.542E+02
 DBG sub(iv) -1.8792E+14
 DBG real m4  1.9879E+11 t2  1.1021E-08 F(iv)  0.0 E  2.435E+02  3.426E+02  1.695E+02  1.008E+01
 DBG dip  9 val  6.1260E+13 t2  1.3445E-04 F(iv)  1.0 E  6.772E+02  3.426E+02 -2.542E+02
 DBG sub(iv) -6.1260E+13
 DBG BIG res -4.5264E+10 smin/W2  1.1831E-09 w  1.3732E-05
 DBG real m4 -8.5790E+10 t2  2.1484E-08 F(iv)  0.0 E  5.953E+02  1.940E+02  2.914E+02  1.611E+01
 DBG dip 18 val  1.8064E+18 t2  4.3544E-04 F(iv)  1.0 E  5.953E+02 -1.285E+01  5.144E+02
 DBG sub(iv) -1.8064E+18
 DBG real m4 -8.5790E+10 t2  2.1484E-08 F(iv)  0.0 E  5.953E+02  1.940E+02  2.914E+02  1.611E+01
 DBG dip 18 val  1.6050E+12 t2  4.3544E-04 F(iv)  1.0 E  5.953E+02 -1.285E+01  5.144E+02
 DBG sub(iv) -1.6050E+12
 DBG BIG res  8.5550E+12 smin/W2  3.4152E-07 w  2.8201E+00
 DBG real m4  5.7959E+10 t2  9.1429E-11 F(iv)  0.0 E  9.346E+01  2.333E+02  1.198E+02  8.767E+01
 DBG dip  2 val  3.6304E+07 t2  2.8097E-05 F(iv)  1.0 E  2.333E+02  2.133E+02  8.767E+01
 DBG dip  7 val -3.2222E+11 t2  1.4185E-05 F(iv)  1.0 E  1.811E+02  2.333E+02  1.198E+02
 DBG dip  8 val  1.1294E+12 t2  1.4185E-05 F(iv)  1.0 E  1.811E+02  2.333E+02  1.198E+02
 DBG dip 10 val  1.0731E+08 t2  1.6128E-05 F(iv)  1.0 E  9.346E+01  6.881E+01  8.767E+01
 DBG dip 11 val -1.4979E+08 t2  1.0946E-05 F(iv)  1.0 E  2.133E+02  2.333E+02  8.767E+01
 DBG dip 13 val  1.8260E+07 t2  2.5606E-05 F(iv)  1.0 E  9.346E+01  9.898E+01  1.198E+02
 DBG dip 14 val -4.3599E+06 t2  2.7490E-05 F(iv)  1.0 E  1.811E+02  2.333E+02  1.198E+02
 DBG dip 15 val  1.5236E+07 t2  4.7600E-05 F(iv)  1.0 E  9.346E+01  2.333E+02  2.075E+02
 DBG dip 17 val  1.9445E+15 t2  0.0000E+00 F(iv)  1.0 E -3.742E+06  2.333E+02  3.742E+06
 DBG dip 21 val -0.0000E+00 t2  1.4185E-05 F(iv)  1.0 E  2.333E+02  1.198E+02  1.811E+02
 DBG dip 23 val  3.5493E+07 t2  1.6128E-05 F(iv)  1.0 E  9.346E+01  6.881E+01  8.767E+01
 DBG dip 24 val  3.6129E+05 t2  2.5606E-05 F(iv)  1.0 E  9.346E+01  1.198E+02  9.898E+01
 DBG dip 26 val  1.7986E+09 t2  1.6128E-05 F(iv)  1.0 E  9.346E+01  6.881E+01  8.767E+01
 DBG dip 28 val  2.0293E+06 t2  1.4185E-05 F(iv)  1.0 E  1.811E+02  2.333E+02  1.198E+02
 DBG dip 29 val  7.3783E+07 t2  2.5606E-05 F(iv)  1.0 E  9.346E+01  9.898E+01  1.198E+02
 DBG sub(iv) -1.9453E+15
 DBG real m4  5.7959E+10 t2  9.1429E-11 F(iv)  0.0 E  9.346E+01  2.333E+02  1.198E+02  8.767E+01
 DBG dip  2 val -0.0000E+00 t2  2.8097E-05 F(iv)  1.0 E  2.333E+02  2.133E+02  8.767E+01
 DBG dip  7 val  2.0620E+12 t2  1.4185E-05 F(iv)  1.0 E  1.811E+02  2.333E+02  1.198E+02
 DBG dip  8 val -7.8234E+10 t2  1.4185E-05 F(iv)  1.0 E  1.811E+02  2.333E+02  1.198E+02
 DBG dip 10 val  8.8528E+08 t2  1.6128E-05 F(iv)  1.0 E  9.346E+01  6.881E+01  8.767E+01
 DBG dip 11 val  1.4939E+07 t2  1.0946E-05 F(iv)  1.0 E  2.133E+02  2.333E+02  8.767E+01
 DBG dip 13 val  2.0898E+07 t2  2.5606E-05 F(iv)  1.0 E  9.346E+01  9.898E+01  1.198E+02
 DBG dip 14 val  3.4448E+05 t2  2.7490E-05 F(iv)  1.0 E  1.811E+02  2.333E+02  1.198E+02
 DBG dip 15 val -8.5601E+05 t2  4.7600E-05 F(iv)  1.0 E  9.346E+01  2.333E+02  2.075E+02
 DBG dip 17 val  7.7043E+14 t2  0.0000E+00 F(iv)  1.0 E -3.742E+06  2.333E+02  3.742E+06
 DBG dip 21 val  5.1010E+07 t2  1.4185E-05 F(iv)  1.0 E  2.333E+02  1.198E+02  1.811E+02
 DBG dip 23 val  9.0965E+07 t2  1.6128E-05 F(iv)  1.0 E  9.346E+01  6.881E+01  8.767E+01
 DBG dip 24 val  1.8156E+06 t2  2.5606E-05 F(iv)  1.0 E  9.346E+01  1.198E+02  9.898E+01
 DBG dip 26 val  2.7923E+09 t2  1.6128E-05 F(iv)  1.0 E  9.346E+01  6.881E+01  8.767E+01
 DBG dip 28 val -1.2986E+07 t2  1.4185E-05 F(iv)  1.0 E  1.811E+02  2.333E+02  1.198E+02
 DBG dip 29 val  7.0798E+07 t2  2.5606E-05 F(iv)  1.0 E  9.346E+01  9.898E+01  1.198E+02
 DBG sub(iv) -7.7242E+14
 DBG BIG res -5.3792E+10 smin/W2  1.2883E-09 w  4.6470E-06
 DBG real m4 -9.9705E+10 t2  7.5445E-09 F(iv)  0.0 E  2.787E+02  8.744E+01  1.371E+02  6.871E-01
 DBG dip 15 val  9.6623E+16 t2  1.3316E-04 F(iv)  1.0 E  2.787E+02  3.289E+02 -1.036E+02
 DBG sub(iv) -9.6623E+16
 DBG real m4 -9.9705E+10 t2  7.5445E-09 F(iv)  0.0 E  2.787E+02  8.744E+01  1.371E+02  6.871E-01
 DBG dip 15 val  1.0344E+15 t2  1.3316E-04 F(iv)  1.0 E  2.787E+02  3.289E+02 -1.036E+02
 DBG sub(iv) -1.0344E+15
 DBG BIG res -1.1017E+11 smin/W2  2.0521E-09 w  1.2439E-05
 DBG real m4 -4.9549E+10 t2  2.1448E-08 F(iv)  0.0 E  3.713E+02  1.178E+02  4.252E+01  9.271E+01
 DBG dip 18 val  8.2606E+16 t2  6.7452E-05 F(iv)  1.0 E  3.713E+02 -2.499E+01  2.780E+02
 DBG sub(iv) -8.2606E+16
 DBG real m4 -4.9549E+10 t2  2.1448E-08 F(iv)  0.0 E  3.713E+02  1.178E+02  4.252E+01  9.271E+01
 DBG dip 18 val  8.4345E+11 t2  6.7452E-05 F(iv)  1.0 E  3.713E+02 -2.499E+01  2.780E+02
 DBG sub(iv) -8.4345E+11
 DBG BIG res -1.0211E+11 smin/W2  1.2214E-09 w  1.2262E-05
 DBG real m4 -2.2145E+10 t2  1.1939E-08 F(iv)  0.0 E  3.619E+02  1.022E+02  1.483E+02  2.816E+01
 DBG dip 18 val  1.6056E+17 t2  4.9099E-05 F(iv)  1.0 E  3.619E+02 -1.702E+01  2.957E+02
 DBG sub(iv) -1.6056E+17
 DBG real m4 -2.2145E+10 t2  1.1939E-08 F(iv)  0.0 E  3.619E+02  1.022E+02  1.483E+02  2.816E+01
 DBG dip 18 val  5.5253E+11 t2  4.9099E-05 F(iv)  1.0 E  3.619E+02 -1.702E+01  2.957E+02
 DBG sub(iv) -5.5253E+11
 DBG BIG res -2.7582E+09 smin/W2  1.7366E-09 w  3.3104E-05
 DBG real m4 -4.7303E+09 t2  1.4700E-08 F(iv)  0.0 E  5.968E+02  1.838E+02  2.754E+02  3.002E+01
 DBG dip 15 val  7.0644E+15 t2  2.4775E-04 F(iv)  1.0 E  5.968E+02  6.937E+02 -2.045E+02
 DBG sub(iv) -7.0644E+15
 DBG real m4 -4.7303E+09 t2  1.4700E-08 F(iv)  0.0 E  5.968E+02  1.838E+02  2.754E+02  3.002E+01
 DBG dip 15 val  4.9459E+13 t2  2.4775E-04 F(iv)  1.0 E  5.968E+02  6.937E+02 -2.045E+02
 DBG sub(iv) -4.9459E+13
 DBG BIG res -9.8373E+09 smin/W2  2.6485E-09 w  3.0907E-05
 DBG real m4 -9.0664E+10 t2  1.8083E-08 F(iv)  0.0 E  5.488E+02  2.588E+02  1.988E+02  3.132E+01
 DBG dip 15 val  7.0156E+15 t2  2.0603E-05 F(iv)  1.0 E  5.488E+02  9.561E+02 -4.672E+02
 DBG dip 18 val  8.3791E+15 t2  0.0000E+00 F(iv)  1.0 E  5.488E+02 -7.268E+02  1.216E+03
 DBG sub(iv) -1.5395E+16
 DBG real m4 -9.0664E+10 t2  1.8083E-08 F(iv)  0.0 E  5.488E+02  2.588E+02  1.988E+02  3.132E+01
 DBG dip 15 val  1.2832E+13 t2  2.0603E-05 F(iv)  1.0 E  5.488E+02  9.561E+02 -4.672E+02
 DBG dip 18 val  3.6908E+12 t2  0.0000E+00 F(iv)  1.0 E  5.488E+02 -7.268E+02  1.216E+03
