LHAPDF 6.5.6 loading /u/akarlber/.local/share/LHAPDF/NNPDF30_nlo_as_0118/NNPDF30_nlo_as_0118_0000.dat
NNPDF30_nlo_as_0118 PDF set, member #0, version 2; LHAPDF ID = 260000
 psmc edge 1.00E-12
 P2BDROP 1
 P2BSLICE: below tau_cut O(event) - O(projected 2+1 Born)
 technical cut min(cw W2, cq Q2), cw cq =  1.00E-10  1.00E-08  TECHDIFF T  reference  1.00E-09  1.80+308
 nlo31 part r ncall   1000000 itmx   6 seed  2077 techcut 1.00E-09 mode 2 x 0.000000 Q2      0.00
 iteration  1:  6.12539637E+01 +-  4.8518E+01
 iteration  2:  3.47856221E+01 +-  1.4942E+01
 iteration  3:  9.20391620E+01 +-  4.4445E+01
 iteration  4:  3.10845041E+01 +-  2.2280E+01
 iteration  5:  8.09841815E+03 +-  8.0167E+03
 iteration  6: -3.24056029E+01 +-  3.5922E+01
Thanks for using LHAPDF 6.5.6. Please make sure to cite the paper:
  Eur.Phys.J. C75 (2015) 3, 132  (http://arxiv.org/abs/1412.7420)
 r: events dropped (garbage dipole)           235 of        881038
 P2B r: events with plain weights (tau_2 < techcut or degenerate dipole)          6668 of        880803
 RESULT r sigma(>=3 jets) [pb] =   3.08734599E+01 +-   1.1341E+01   chi2/it   1.520
 ZCELLS sigma per bin [pb] above the cut: observable bin, then tau_cut columns
 tau_cut        2.000E-02   1.000E-02   5.000E-03   2.000E-03   1.000E-03   5.000E-04   2.000E-04   1.000E-04   3.000E-05   1.000E-05
 ZCELL total     0     0 -2.38128331E-02 -2.75090969E-02 -2.85819496E-02 -2.21591820E-03 -1.27598951E-02  3.89908241E-01  4.82133650E+00  1.83399928E+00  9.75365979E-01  1.64478437E+03
 ZCELL q2       125.    250. -2.23748346E-02 -2.25687599E-02 -2.28413842E-02 -4.09676139E-02 -7.15927721E-02  4.63954012E-01  4.94876003E+00  2.51994499E+00  3.32603277E+00  3.19036481E+01
 ZCELL q2       250.    500.  4.13750890E-03  7.17691642E-04 -3.64981679E-04 -2.42878717E-03  1.87419596E-02 -1.37598950E-01 -1.94549424E-01  1.19627656E-01  2.87825167E+00  1.60741633E+03
 ZCELL q2       500.   1000. -5.74692169E-03 -5.77590347E-03 -5.78965075E-03  4.08127885E-02  3.91733305E-02  5.35854405E-02  5.44244312E-02 -8.27362183E-01 -5.56783120E+00  4.81190846E+00
 ZCELL q2      1000.   2000.  1.58655546E-04  1.00746366E-04  4.12320071E-04  4.62883824E-04  9.19140871E-04  1.02017289E-02  1.29262320E-02 -7.48622692E-03  2.87221878E-01  4.89549991E-01
 ZCELL q2      2000.   5000.  1.27284199E-05  1.80057361E-05  3.10314734E-05 -6.47093805E-05 -6.71081294E-05 -2.79834129E-04 -3.60240544E-04  1.30739938E-02  5.43005218E-02  1.77603183E-01
 ZCELL q2      5000.  20000.  3.02984209E-08 -8.77191708E-07 -2.92845631E-05 -3.04800581E-05  6.55542376E-05  4.58429660E-05  1.35467947E-04  1.62010533E-02 -2.60966301E-03 -1.46749476E-02
 ZCELL ptavg      8.     15. -2.30099592E-02 -2.61370612E-02 -2.63841908E-02 -5.35947456E-02 -7.89350154E-02  3.21063506E-01  2.06649518E+00  2.75254345E+00 -7.79889378E-01  1.63906103E+03
 ZCELL ptavg     15.     22. -2.29533304E-03 -2.86876887E-03 -4.01070333E-03  4.43581385E-02  2.26670607E-02  2.44760349E-02  2.61760424E+00 -1.07367771E+00  6.89027374E-01  5.32614766E+00
 ZCELL ptavg     22.     30.  1.49077138E-03  1.47326687E-03  1.82356728E-03  7.60362672E-03  4.39721775E-02  5.10206332E-02  1.20005797E-01  1.80569336E-01  9.40867057E-01  1.56128703E-01
 ZCELL ptavg     30.     60.  2.76573982E-06  2.45658549E-05 -4.17828603E-05 -6.14556042E-04 -4.69578928E-04 -6.64677404E-03  1.74728651E-02 -3.88889538E-02  1.39063563E-01  2.76653024E-01
 ZCELL m12       20.     30. -2.53143079E-02 -2.55130394E-02 -2.55170770E-02 -5.10008295E-02 -5.95377297E-02 -1.80510235E-01 -2.97221207E-01 -9.47523082E-01 -1.27259899E+00  1.62095112E+03
 ZCELL m12       30.     45.  1.41239268E-03 -2.11643582E-03 -4.00246693E-03  4.34218850E-02  4.82904169E-02  6.01304852E-01  5.07396392E+00  2.33201415E+00  3.53333591E-01  7.23117772E+00
 ZCELL m12       45.     65.  7.34485237E-04  7.27255006E-04  1.60131247E-03  6.58582737E-03 -6.71218343E-04 -3.48403925E-02 -1.86867329E-02  3.99119570E-01  1.65764632E+00  1.37934887E+01
 ZCELL m12       65.    120. -6.44715046E-04 -6.06222324E-04 -6.96040862E-04 -1.25530548E-03 -8.58034581E-04  3.74888851E-03  5.91715090E-02  3.99275412E-02  2.45119542E-01  2.85726467E+00
