LHAPDF 6.5.6 loading /u/akarlber/.local/share/LHAPDF/NNPDF30_nlo_as_0118/NNPDF30_nlo_as_0118_0000.dat
NNPDF30_nlo_as_0118 PDF set, member #0, version 2; LHAPDF ID = 260000
 psmc edge 1.00E-12
 P2BDROP 1
 P2BSLICE: below tau_cut O(event) - O(projected 2+1 Born)
 nlo31 part r ncall   1000000 itmx   6 seed  5368 techcut 1.00E-09 mode 2 x 0.000000 Q2      0.00
 iteration  1: -8.82237418E+03 +-  5.4099E+02
 iteration  2: -9.19795773E+03 +-  6.3648E+02
 iteration  3: -8.37290057E+03 +-  6.7946E+02
 iteration  4: -8.37061954E+03 +-  2.0111E+02
 iteration  5: -1.73309552E+04 +-  8.6805E+03
 iteration  6: -2.24781545E+04 +-  1.4157E+04
Thanks for using LHAPDF 6.5.6. Please make sure to cite the paper:
  Eur.Phys.J. C75 (2015) 3, 132  (http://arxiv.org/abs/1412.7420)
 r: events dropped (garbage dipole)           824 of       3388869
 P2B r: events with plain weights (tau_2 < techcut or degenerate dipole)           494 of       3388045
 RESULT r sigma(>=3 jets) [pb] =  -8.44674937E+03 +-   1.8450E+02   chi2/it   0.894
 ZCELLS sigma per bin [pb] above the cut: observable bin, then tau_cut columns
 tau_cut        2.000E-02   1.000E-02   5.000E-03   2.000E-03   1.000E-03   5.000E-04   2.000E-04   1.000E-04   3.000E-05   1.000E-05
 ZCELL total     0     0  2.67798118E+01 -5.46617556E+01 -5.34491807E+02 -8.86398076E+02 -1.17992078E+03 -1.53557461E+03 -3.66417674E+03 -7.38234914E+03 -1.02227664E+04 -1.31501175E+04
 ZCELL q2       125.    250. -6.56290947E+00 -4.10960983E+01 -4.96563337E+02 -7.63061691E+02 -9.29943378E+02 -1.17813689E+03 -1.55473057E+03 -2.75127388E+03 -4.17620417E+03 -5.48946255E+03
 ZCELL q2       250.    500.  2.28188076E+01 -2.16462303E+01 -2.33640813E+01 -8.16066342E+01 -1.68960130E+02 -2.37421820E+02  8.14366795E+02 -1.84823155E+03 -2.61608595E+03 -3.52026063E+03
 ZCELL q2       500.   1000.  6.53022989E+00  3.75276566E+00 -2.87984980E+00 -1.74934291E+01 -5.55675395E+01 -6.06121226E+01 -2.78853676E+03 -2.59519934E+03 -3.10950231E+03 -3.62305805E+03
 ZCELL q2      1000.   2000.  2.00571700E+00  3.40699141E+00 -4.33430095E-01 -9.89127455E+00 -1.07956325E+01 -3.89693061E+01 -6.53767854E+01 -9.61118651E+01 -1.87939625E+02 -2.95161914E+02
 ZCELL q2      2000.   5000.  1.25660499E+00  9.13887489E-01 -1.09132623E+01 -1.37395923E+01 -1.46614722E+01 -1.90361710E+01 -6.46449867E+01 -8.29973648E+01 -1.16574893E+02 -1.98245338E+02
 ZCELL q2      5000.  20000.  7.31361826E-01  6.92847918E-03 -3.37846259E-01 -6.05455114E-01  7.37367103E-03 -1.39829974E+00 -5.25442850E+00 -8.53514286E+00 -1.64594955E+01 -2.39290277E+01
 ZCELL ptavg      8.     15.  2.43699836E+01 -3.85378085E+01 -4.87856322E+02 -7.44212673E+02 -9.69124916E+02 -1.20413748E+03 -3.05034559E+03 -6.82320443E+03 -8.73506921E+03 -1.07050575E+04
 ZCELL ptavg     15.     22.  2.45220559E+00 -7.85277271E+00 -2.74779241E+01 -1.02652635E+02 -1.45549120E+02 -2.29892822E+02 -4.44324513E+02 -5.89678645E+02 -1.08258062E+03 -1.69937627E+03
 ZCELL ptavg     22.     30.  5.85618835E-01 -4.93564353E+00 -1.37189342E+01 -2.95687993E+01 -4.21593125E+01 -6.88886162E+01 -1.08981104E+02  1.11896696E+02 -2.56115136E+02 -5.18846147E+02
 ZCELL ptavg     30.     60. -8.86879522E-01 -3.55054120E+00 -5.57933207E+00 -9.95036895E+00 -2.31952615E+01 -3.24384977E+01 -5.97788680E+01 -7.99956859E+01 -1.45897724E+02 -2.23189566E+02
 ZCELL m12       20.     30.  2.50824828E+01 -3.83067532E+01 -4.73474133E+02 -7.10180685E+02 -8.70666282E+02 -1.05408825E+03 -2.86222602E+03 -6.29478516E+03 -7.71350897E+03 -8.96985455E+03
 ZCELL m12       30.     45.  1.50027781E+01  6.57714817E+00 -1.93776376E+01 -9.70262754E+01 -2.00511334E+02 -3.03587461E+02 -4.75620587E+02 -8.87735078E+02 -1.72940418E+03 -2.89014253E+03
 ZCELL m12       45.     65. -1.16458659E+01 -1.84413953E+01 -3.36650923E+01 -6.45218299E+01 -7.87842541E+01 -1.29862488E+02 -2.44989848E+02 -9.10176241E+01 -5.83431626E+02 -9.79912576E+02
 ZCELL m12       65.    120. -1.56633896E+00 -4.36967061E+00 -7.63199172E+00 -1.41003912E+01 -2.91774179E+01 -4.68057302E+01 -7.92893147E+01 -1.04997336E+02 -1.89620823E+02 -3.01806257E+02
