LHAPDF 6.5.6 loading /u/akarlber/.local/share/LHAPDF/NNPDF30_nlo_as_0118/NNPDF30_nlo_as_0118_0000.dat
NNPDF30_nlo_as_0118 PDF set, member #0, version 2; LHAPDF ID = 260000
 psmc edge 1.00E-12
 P2BDROP 1
 P2BSLICE: below tau_cut O(event) - O(projected 2+1 Born)
 nlo31 part r ncall   1000000 itmx   6 seed  3197 techcut 1.00E-09 mode 2 x 0.000000 Q2      0.00
 iteration  1: -9.21318301E+03 +-  6.5620E+02
 iteration  2: -1.16299548+162 +-  1.0000-150
 iteration  3:  0.00000000E+00 +-  1.0000-150
 iteration  4:  0.00000000E+00 +-  1.0000-150
 iteration  5:  0.00000000E+00 +-  1.0000-150
 iteration  6:  0.00000000E+00 +-  1.0000-150
Thanks for using LHAPDF 6.5.6. Please make sure to cite the paper:
  Eur.Phys.J. C75 (2015) 3, 132  (http://arxiv.org/abs/1412.7420)
 P2B r: events with plain weights (tau_2 < techcut or degenerate dipole)           353 of        871650
 RESULT r sigma(>=3 jets) [pb] =        -Infinity +-   4.4721-151   chi2/itInfinity
 ZCELLS sigma per bin [pb] above the cut: observable bin, then tau_cut columns
 tau_cut        2.000E-02   1.000E-02   5.000E-03   2.000E-03   1.000E-03   5.000E-04   2.000E-04   1.000E-04   3.000E-05   1.000E-05
 ZCELL total     0     0  5.78708283E+00 -3.88390004E+00 -2.19790509E+01 -5.47907130E+01 -1.17253874E+02 -2.16169833E+02 -3.99407852E+02 -5.73267681E+02       -Infinity       -Infinity
 ZCELL q2       125.    250.  3.84857973E+00 -1.06283971E+00 -1.29046663E+01 -3.70666703E+01 -7.00874771E+01 -1.19793490E+02 -2.20419130E+02 -3.07277037E+02       -Infinity       -Infinity
 ZCELL q2       250.    500.  1.30668593E+00 -1.55597184E+00 -5.35414010E+00 -8.89465980E+00 -3.07058060E+01 -5.73563309E+01 -1.09104492E+02 -1.58194781E+02 -2.90299431E+02 -4.71715188E+02
 ZCELL q2       500.   1000. -5.92414459E-01 -2.12308456E+00 -3.12995519E+00 -6.04117701E+00 -1.06198913E+01 -2.84726409E+01 -4.99866088E+01 -7.07451859E+01 -1.23969155E+02 -2.15654863E+02
 ZCELL q2      1000.   2000.  9.48247385E-01  4.05234613E-01 -6.94645215E-01 -1.73843046E+00 -3.73234086E+00 -6.60173272E+00 -1.53440507E+01 -2.42209004E+01 -4.37777275E+01 -8.40871693E+01
 ZCELL q2      2000.   5000.  1.78451571E-01  3.71384970E-01  7.27419049E-02 -9.28734261E-01 -1.83830834E+00 -3.56869979E+00 -3.78511441E+00 -1.07627130E+01 -2.18053530E+01 -3.44207826E+01
 ZCELL q2      5000.  20000.  9.75326760E-02  8.13764925E-02  3.16140591E-02 -1.21041160E-01 -2.70050559E-01 -3.76938838E-01 -7.68455578E-01 -2.06706399E+00 -3.30718619E+00 -5.11798882E+00
 ZCELL ptavg      8.     15.  5.33041744E+00 -3.16129315E+00 -1.15865675E+01 -3.18573886E+01 -7.59344122E+01 -1.43551335E+02 -2.66798520E+02 -3.90085091E+02 -6.88265804E+02 -1.18483584E+03
 ZCELL ptavg     15.     22. -8.57260274E-01 -4.48043359E-01 -8.53682024E+00 -1.61894346E+01 -2.75209344E+01 -4.91001168E+01 -9.29272494E+01 -1.24693453E+02 -2.24835328E+02 -3.57225585E+02
 ZCELL ptavg     22.     30.  2.14488547E-01 -8.32957542E-01 -1.27556374E+00 -4.54467683E+00 -1.02354388E+01 -1.63431284E+01 -2.65002355E+01 -3.98862349E+01       -Infinity       -Infinity
 ZCELL ptavg     30.     60. -6.58948790E-02 -5.86214762E-01 -1.70212720E+00 -3.32657672E+00 -4.62059485E+00 -8.15485895E+00 -1.39744348E+01 -1.92204422E+01 -3.30931514E+01 -5.29228674E+01
 ZCELL m12       20.     30.  5.47663137E+00 -1.23887067E+00 -8.79203630E+00 -2.18213485E+01 -5.29748636E+01 -1.08616084E+02 -1.95641750E+02 -2.85130463E+02 -4.96411066E+02 -8.53225527E+02
 ZCELL m12       30.     45.  5.54330331E-01 -9.63597378E-01 -8.05087440E+00 -1.91174528E+01 -3.93177207E+01 -6.76702082E+01 -1.27901566E+02 -1.86911005E+02 -3.38457294E+02 -5.64687732E+02
 ZCELL m12       45.     65. -6.17017244E-01 -1.44820583E+00 -3.40730223E+00 -9.79439305E+00 -1.86010655E+01 -2.87324386E+01 -5.32797578E+01 -7.13048017E+01 -1.32892019E+02 -2.13621490E+02
 ZCELL m12       65.    120.  3.71118349E-01 -2.03288676E-01 -1.67576051E+00 -3.97995123E+00 -6.17600171E+00 -1.08084099E+01 -2.19379382E+01 -2.89394667E+01       -Infinity       -Infinity
