 DBG BIG res -1.9707+169 smin/W2  2.8751E-09 w  2.4479E-09
 DBG real m4  4.3998E+13 t2  2.1493E-04 F(iv)  1.0 E  3.494E+01  2.879E-02  5.061E+02  1.553E+02
 DBG dip  4 val  1.0517E+04 t2  2.1491E-04 F(iv)  1.0 E  3.493E+01  2.879E-02  1.553E+02
 DBG dip  5 val  1.5286E-04 t2  8.3718E-01 F(iv)  1.0 E  2.238E+02  3.173E+02  1.553E+02
 DBG dip  6 val  5.7192E+02 t2  1.2265E-04 F(iv)  1.0 E  2.903E+02  2.879E-02  4.060E+02
 DBG dip 10 val  6.8424+120 t2  6.4825E-05 F(iv)  1.0 E  3.494E+01  5.767E-04  1.553E+02
 DBG dip 16 val -5.0231E+04 t2  2.1495E-04 F(iv)  1.0 E  3.494E+01  2.879E-02  1.554E+02
 DBG dip 18 val  9.3179E-02 t2  1.8167E-01 F(iv)  1.0 E  3.494E+01  5.812E+01  6.033E+02
 DBG dip 20 val -0.0000E+00 t2  2.1491E-04 F(iv)  1.0 E  2.879E-02  3.493E+01  1.553E+02
 DBG dip 23 val  6.3394+120 t2  6.4825E-05 F(iv)  1.0 E  3.494E+01  5.767E-04  1.553E+02
 DBG dip 25 val  4.4416E+12 t2  2.1491E-04 F(iv)  1.0 E  3.493E+01  2.879E-02  1.553E+02
 DBG dip 26 val -1.1968+126 t2  6.4825E-05 F(iv)  1.0 E  3.494E+01  5.767E-04  1.553E+02
 DBG dip 27 val  3.3676E+13 t2  2.1495E-04 F(iv)  1.0 E  3.494E+01  2.879E-02  1.554E+02
 DBG dip 30 val -4.6946E+04 t2  2.1495E-04 F(iv)  1.0 E  3.494E+01  2.879E-02  1.554E+02
 DBG sub(iv)  1.1968+126
 DBG real m4  2.0914E+10 t2  2.1493E-04 F(iv)  1.0 E  3.494E+01  2.879E-02  5.061E+02  1.553E+02
 DBG dip  4 val  1.0859E+00 t2  2.1491E-04 F(iv)  1.0 E  3.493E+01  2.879E-02  1.553E+02
 DBG dip  5 val -9.4521E-06 t2  8.3718E-01 F(iv)  1.0 E  2.238E+02  3.173E+02  1.553E+02
 DBG dip  6 val  1.5808E-01 t2  1.2265E-04 F(iv)  1.0 E  2.903E+02  2.879E-02  4.060E+02
 DBG dip 10 val  2.0852E+61 t2  6.4825E-05 F(iv)  1.0 E  3.494E+01  5.767E-04  1.553E+02
 DBG dip 16 val -3.8567E+00 t2  2.1495E-04 F(iv)  1.0 E  3.494E+01  2.879E-02  1.554E+02
 DBG dip 18 val  1.6096E-02 t2  1.8167E-01 F(iv)  1.0 E  3.494E+01  5.812E+01  6.033E+02
 DBG dip 20 val  2.9014E-01 t2  2.1491E-04 F(iv)  1.0 E  2.879E-02  3.493E+01  1.553E+02
 DBG dip 23 val -1.2468+121 t2  6.4825E-05 F(iv)  1.0 E  3.494E+01  5.767E-04  1.553E+02
 DBG dip 25 val  2.3998E+09 t2  2.1491E-04 F(iv)  1.0 E  3.493E+01  2.879E-02  1.553E+02
 DBG dip 26 val  1.5046+179 t2  6.4825E-05 F(iv)  1.0 E  3.494E+01  5.767E-04  1.553E+02
 DBG dip 27 val  1.1670E+10 t2  2.1495E-04 F(iv)  1.0 E  3.494E+01  2.879E-02  1.554E+02
 DBG dip 30 val  1.5922E+02 t2  2.1495E-04 F(iv)  1.0 E  3.494E+01  2.879E-02  1.554E+02
 DBG sub(iv) -1.5046+179
