 DBG BIG res -9.1926+108 smin/W2  1.4383E-09 w  1.0383E-11
 DBG real m4  3.9116E+11 t2  4.4312E-05 F(iv)  1.0 E  1.010E+00  8.866E+01  5.607E-01  6.586E+01
 DBG dip  4 val  9.7153E+05 t2  2.8499E-05 F(iv)  1.0 E  1.570E+00  8.866E+01  6.586E+01
 DBG dip  5 val -9.2227E+06 t2  2.8598E-05 F(iv)  1.0 E  1.571E+00  8.866E+01  6.586E+01
 DBG dip  6 val  2.9001E+09 t2  4.4312E-05 F(iv)  1.0 E  1.027E+00  8.866E+01  6.640E+01
 DBG dip  9 val  1.0411E-52 t2  4.4312E-05 F(iv)  1.0 E  5.696E-04  8.866E+01  6.743E+01
 DBG dip 10 val  9.5198E+03 t2  4.4379E-05 F(iv)  1.0 E  1.010E+00  8.638E+01  6.586E+01
 DBG dip 11 val -4.0430E+01 t2  6.8649E-05 F(iv)  1.0 E  1.578E+00  8.865E+01  6.586E+01
 DBG dip 12 val  3.7442E+04 t2  4.4318E-05 F(iv)  1.0 E  1.010E+00  8.866E+01  6.642E+01
 DBG dip 14 val -2.0281E+00 t2  2.4325E-05 F(iv)  1.0 E  6.769E+01  8.784E+01  5.607E-01
 DBG dip 15 val  2.3783E-02 t2  4.3019E-05 F(iv)  1.0 E  1.010E+00  8.864E+01  6.643E+01
 DBG dip 16 val -2.3719E+10 t2  4.4307E-05 F(iv)  1.0 E  1.010E+00  8.866E+01  6.642E+01
 DBG dip 17 val  1.9545E+11 t2  4.4312E-05 F(iv)  1.0 E  1.010E+00  8.866E+01  6.642E+01
 DBG dip 18 val  2.1654E+11 t2  4.4307E-05 F(iv)  1.0 E  1.010E+00  8.866E+01  6.642E+01
 DBG dip 20 val -0.0000E+00 t2  2.8499E-05 F(iv)  1.0 E  8.866E+01  1.570E+00  6.586E+01
 DBG dip 23 val  1.1855E-02 t2  4.4379E-05 F(iv)  1.0 E  1.010E+00  8.638E+01  6.586E+01
 DBG dip 25 val  1.6575E+01 t2  2.8499E-05 F(iv)  1.0 E  1.570E+00  8.866E+01  6.586E+01
 DBG dip 26 val  1.5367E+04 t2  4.4379E-05 F(iv)  1.0 E  1.010E+00  8.638E+01  6.586E+01
 DBG dip 27 val -6.6200E+03 t2  4.4307E-05 F(iv)  1.0 E  1.010E+00  8.866E+01  6.642E+01
 DBG dip 30 val -4.0799E-03 t2  4.4307E-05 F(iv)  1.0 E  1.010E+00  8.866E+01  6.642E+01
 DBG sub(iv)  3.5487E+06
 DBG real m4  9.5997E+10 t2  4.4312E-05 F(iv)  1.0 E  1.010E+00  8.866E+01  5.607E-01  6.586E+01
 DBG dip  4 val -2.2719E+06 t2  2.8499E-05 F(iv)  1.0 E  1.570E+00  8.866E+01  6.586E+01
 DBG dip  5 val  2.6423E+05 t2  2.8598E-05 F(iv)  1.0 E  1.571E+00  8.866E+01  6.586E+01
 DBG dip  6 val  7.1107E+08 t2  4.4312E-05 F(iv)  1.0 E  1.027E+00  8.866E+01  6.640E+01
 DBG dip  9 val  3.1661E-53 t2  4.4312E-05 F(iv)  1.0 E  5.696E-04  8.866E+01  6.743E+01
 DBG dip 10 val  2.3377E+03 t2  4.4379E-05 F(iv)  1.0 E  1.010E+00  8.638E+01  6.586E+01
 DBG dip 11 val  1.1904E+00 t2  6.8649E-05 F(iv)  1.0 E  1.578E+00  8.865E+01  6.586E+01
 DBG dip 12 val -1.0165E+03 t2  4.4318E-05 F(iv)  1.0 E  1.010E+00  8.866E+01  6.642E+01
 DBG dip 14 val  5.9525E-02 t2  2.4325E-05 F(iv)  1.0 E  6.769E+01  8.784E+01  5.607E-01
 DBG dip 15 val -6.4578E-04 t2  4.3019E-05 F(iv)  1.0 E  1.010E+00  8.864E+01  6.643E+01
 DBG dip 16 val  5.3246E+10 t2  4.4307E-05 F(iv)  1.0 E  1.010E+00  8.866E+01  6.642E+01
 DBG dip 17 val  4.7920E+10 t2  4.4312E-05 F(iv)  1.0 E  1.010E+00  8.866E+01  6.642E+01
 DBG dip 18 val -5.8787E+09 t2  4.4307E-05 F(iv)  1.0 E  1.010E+00  8.866E+01  6.642E+01
 DBG dip 20 val  5.5879E+03 t2  2.8499E-05 F(iv)  1.0 E  8.866E+01  1.570E+00  6.586E+01
 DBG dip 23 val  9.6275E-01 t2  4.4379E-05 F(iv)  1.0 E  1.010E+00  8.638E+01  6.586E+01
 DBG dip 25 val -3.8760E+01 t2  2.8499E-05 F(iv)  1.0 E  1.570E+00  8.866E+01  6.586E+01
 DBG dip 26 val  3.7773E+03 t2  4.4379E-05 F(iv)  1.0 E  1.010E+00  8.638E+01  6.586E+01
 DBG dip 27 val  1.4861E+04 t2  4.4307E-05 F(iv)  1.0 E  1.010E+00  8.866E+01  6.642E+01
 DBG dip 30 val  9.1588E-03 t2  4.4307E-05 F(iv)  1.0 E  1.010E+00  8.866E+01  6.642E+01
 DBG sub(iv)  9.0438E+05
