LHAPDF 6.5.6 loading /u/akarlber/.local/share/LHAPDF/NNPDF30_nlo_as_0118/NNPDF30_nlo_as_0118_0000.dat
NNPDF30_nlo_as_0118 PDF set, member #0, version 2; LHAPDF ID = 260000
 psmc edge 1.00E-12
 P2BDROP 1
 P2BSLICE: below tau_cut O(event) - O(projected 2+1 Born)
 nlo31 part r ncall   1000000 itmx   6 seed  4637 techcut 1.00E-09 mode 2 x 0.000000 Q2      0.00
 iteration  1: -8.09754919E+03 +-  6.7162E+02
 iteration  2: -8.54033887E+03 +-  1.8785E+02
 iteration  3: -8.66394623E+03 +-  1.4519E+02
 iteration  4: -9.42790582+102 +-  9.4279+102
 iteration  5: -2.54012864E-05 +-  1.2943E-05
 iteration  6: -2.34060095E-01 +-  1.3815E-01
Thanks for using LHAPDF 6.5.6. Please make sure to cite the paper:
  Eur.Phys.J. C75 (2015) 3, 132  (http://arxiv.org/abs/1412.7420)
 P2B r: events with plain weights (tau_2 < techcut or degenerate dipole)           648 of       3397579
 RESULT r sigma(>=3 jets) [pb] =  -2.54034501E-05 +-   1.2943E-05   chi2/it1407.951
 ZCELLS sigma per bin [pb] above the cut: observable bin, then tau_cut columns
 tau_cut        2.000E-02   1.000E-02   5.000E-03   2.000E-03   1.000E-03   5.000E-04   2.000E-04   1.000E-04   3.000E-05   1.000E-05
 ZCELL total     0     0 -1.33632544E-06 -1.27123700E-06 -1.16610539E-06 -1.22595959E-06 -1.23464200E-06 -1.24572343E-06 -1.24649766E-06 -1.44212687E-06 -1.96292403E-05 -2.54034501E-05
 ZCELL q2       125.    250. -7.93553090E-10 -1.27576551E-09  1.89901262E-07  1.46092163E-07  1.46070045E-07  1.47630327E-07  3.05730275E-07  3.00506779E-07 -1.18923875E-05 -1.18973068E-05
 ZCELL q2       250.    500. -1.33552953E-06 -1.27750317E-06 -1.33951893E-06 -1.35553072E-06 -1.36354083E-06 -1.36537703E-06 -1.51793530E-06 -1.69479306E-06 -7.66484065E-06 -1.34174306E-05
 ZCELL q2       500.   1000. -1.42594024E-12 -2.28890832E-12 -2.87056447E-12 -4.64380569E-12 -4.99044765E-12 -5.69972438E-12 -7.39058997E-12 -2.74905727E-11  6.70697001E-09 -3.82424470E-10
 ZCELL q2      1000.   2000. -8.98232958E-13  7.54335026E-09 -1.64853664E-08 -1.64858826E-08 -1.71753623E-08 -2.79777183E-08 -3.42732680E-08 -4.76945340E-08 -7.85550907E-08 -7.87869937E-08
 ZCELL q2      2000.   5000.  2.30035230E-14  1.84247616E-15 -3.82678867E-13 -2.83223953E-11  1.13709239E-11  8.96080854E-12 -1.69297339E-11 -1.71688879E-11 -2.94367916E-11 -8.63884337E-09
 ZCELL q2      5000.  20000. -5.58673947E-14  8.67236125E-13  8.97788591E-13 -2.18836056E-12 -2.23743766E-12 -2.27098304E-12  4.94928105E-12 -1.01402731E-10 -1.34601460E-10 -9.04366501E-10
 ZCELL ptavg      8.     15. -1.31951095E-06 -1.31957449E-06 -1.31961625E-06 -1.36440524E-06 -1.36472337E-06 -1.36473001E-06 -1.36486614E-06 -1.36636247E-06 -1.37012914E-06 -4.32827504E-06
 ZCELL ptavg     15.     22. -1.29286171E-08 -1.31052864E-08 -1.32245212E-08 -1.35115656E-08 -1.35319376E-08 -1.35631321E-08 -4.02759043E-08 -2.80678863E-08 -9.23196502E-08 -9.81148897E-08
 ZCELL ptavg     22.     30. -1.39931621E-09 -1.38084860E-09 -1.70395400E-09 -1.53062159E-08 -1.47921331E-08 -1.56764646E-08 -1.61338177E-08 -1.39998011E-08  5.10847474E-08 -1.51018230E-06
 ZCELL ptavg     30.     60. -2.48395469E-09  6.28260418E-08  1.68441988E-07  1.67270563E-07  1.58420681E-07  1.48270608E-07  1.74804079E-07 -3.36814058E-08 -1.82176644E-05 -1.94662807E-05
 ZCELL m12       20.     30. -1.31943886E-06 -1.31950172E-06 -1.31953982E-06 -1.36432808E-06 -1.36433903E-06 -1.36434452E-06 -1.36447709E-06 -1.36409801E-06 -1.36762574E-06 -4.32479777E-06
 ZCELL m12       30.     45. -1.24444378E-08 -1.26213823E-08 -1.27387775E-08 -1.28979716E-08 -1.32077528E-08 -1.32108672E-08 -1.29151572E-08 -1.54054106E-08 -2.10010418E-08 -3.27736281E-08
 ZCELL m12       45.     65.  2.25174759E-08  2.09991370E-08  2.03472063E-08  6.87464151E-09  7.34680224E-09  6.42081043E-09 -2.07574569E-08 -2.11422598E-08 -5.74740620E-07 -2.15615549E-06
 ZCELL m12       65.    120. -2.69542875E-08  3.98921622E-08  1.45831460E-07  1.44401762E-07  1.35594798E-07  1.25468306E-07  1.51711595E-07 -4.14293359E-08 -1.76656231E-05 -1.88890860E-05
